Component: Arm Compiler for Embedded 6.24 Tool: armlink [5f371500]

==============================================================================

Section Cross References

    startup_stm32f427xx.o(STACK) refers (Special) to heapauxi.o(.text) for __use_two_region_memory
    startup_stm32f427xx.o(HEAP) refers (Special) to heapauxi.o(.text) for __use_two_region_memory
    startup_stm32f427xx.o(RESET) refers (Special) to heapauxi.o(.text) for __use_two_region_memory
    startup_stm32f427xx.o(RESET) refers to startup_stm32f427xx.o(STACK) for __initial_sp
    startup_stm32f427xx.o(RESET) refers to startup_stm32f427xx.o(.text) for Reset_Handler
    startup_stm32f427xx.o(RESET) refers to stm32f4xx_it.o(.text.NMI_Handler) for NMI_Handler
    startup_stm32f427xx.o(RESET) refers to stm32f4xx_it.o(.text.HardFault_Handler) for HardFault_Handler
    startup_stm32f427xx.o(RESET) refers to stm32f4xx_it.o(.text.MemManage_Handler) for MemManage_Handler
    startup_stm32f427xx.o(RESET) refers to stm32f4xx_it.o(.text.BusFault_Handler) for BusFault_Handler
    startup_stm32f427xx.o(RESET) refers to stm32f4xx_it.o(.text.UsageFault_Handler) for UsageFault_Handler
    startup_stm32f427xx.o(RESET) refers to port.o(.text.SVC_Handler) for SVC_Handler
    startup_stm32f427xx.o(RESET) refers to stm32f4xx_it.o(.text.DebugMon_Handler) for DebugMon_Handler
    startup_stm32f427xx.o(RESET) refers to port.o(.text.PendSV_Handler) for PendSV_Handler
    startup_stm32f427xx.o(RESET) refers to stm32f4xx_it.o(.text.SysTick_Handler) for SysTick_Handler
    startup_stm32f427xx.o(RESET) refers to stm32f4xx_it.o(.text.CAN1_RX0_IRQHandler) for CAN1_RX0_IRQHandler
    startup_stm32f427xx.o(RESET) refers to stm32f4xx_it.o(.text.CAN1_RX1_IRQHandler) for CAN1_RX1_IRQHandler
    startup_stm32f427xx.o(RESET) refers to stm32f4xx_it.o(.text.DMA2_Stream1_IRQHandler) for DMA2_Stream1_IRQHandler
    startup_stm32f427xx.o(RESET) refers to stm32f4xx_it.o(.text.CAN2_RX0_IRQHandler) for CAN2_RX0_IRQHandler
    startup_stm32f427xx.o(RESET) refers to stm32f4xx_it.o(.text.CAN2_RX1_IRQHandler) for CAN2_RX1_IRQHandler
    startup_stm32f427xx.o(RESET) refers to stm32f4xx_it.o(.text.USART6_IRQHandler) for USART6_IRQHandler
    startup_stm32f427xx.o(.text) refers (Special) to heapauxi.o(.text) for __use_two_region_memory
    startup_stm32f427xx.o(.text) refers to system_stm32f4xx.o(.text.SystemInit) for SystemInit
    startup_stm32f427xx.o(.text) refers to __main.o(!!!main) for __main
    startup_stm32f427xx.o(.text) refers to startup_stm32f427xx.o(HEAP) for Heap_Mem
    startup_stm32f427xx.o(.text) refers to startup_stm32f427xx.o(STACK) for Stack_Mem
    maincpp.o(.text.main_cpp) refers to tim.o(.bss.htim4) for htim4
    maincpp.o(.text.main_cpp) refers to maincpp.o(.text._ZN5Servo12Servo_base_tC2EP17TIM_HandleTypeDefj9servo_diriffff) for Servo::Servo_base_t::Servo_base_t__sub_object(TIM_HandleTypeDef*, unsigned int, servo_dir, int, float, float, float, float)
    maincpp.o(.text.main_cpp) refers to maincpp.o(.bss.servo_theta2) for servo_theta2
    maincpp.o(.text.main_cpp) refers to maincpp.o(.bss.servo_theta3) for servo_theta3
    maincpp.o(.text.main_cpp) refers to maincpp.o(.bss.servo_theta1) for servo_theta1
    maincpp.o(.text.main_cpp) refers to maincpp.o(.text._ZN7Control9Control_tC2EPN5Servo12Servo_base_tES3_) for Control::Control_t::Control_t__sub_object(Servo::Servo_base_t*, Servo::Servo_base_t*)
    maincpp.o(.text.main_cpp) refers to maincpp.o(.bss.control) for control
    maincpp.o(.text.main_cpp) refers to maincpp.o(.bss.Omain_handle) for Omain_handle
    maincpp.o(.text.main_cpp) refers to maincpp.o(.text._Z11Onmain_TaskPv) for Onmain_Task(void*)
    maincpp.o(.text.main_cpp) refers to maincpp.o(.rodata.str1.1) for .L.str
    maincpp.o(.text.main_cpp) refers to tasks.o(.text.xTaskCreate) for xTaskCreate
    maincpp.o(.text.main_cpp) refers to maincpp.o(.bss.Servo1_Motor_handle) for Servo1_Motor_handle
    maincpp.o(.text.main_cpp) refers to maincpp.o(.text._Z16OnServo1_ControlPv) for OnServo1_Control(void*)
    maincpp.o(.text.main_cpp) refers to maincpp.o(.bss.Servo2_Motor_handle) for Servo2_Motor_handle
    maincpp.o(.text.main_cpp) refers to maincpp.o(.text._Z16OnServo2_ControlPv) for OnServo2_Control(void*)
    maincpp.o(.text.main_cpp) refers to maincpp.o(.bss.Remote_control_handle) for Remote_control_handle
    maincpp.o(.text.main_cpp) refers to maincpp.o(.text._Z13remoteControlPv) for remoteControl(void*)
    maincpp.o(.text.main_cpp) refers to uart10_def.o(.text.UART10_Init) for UART10_Init
    maincpp.o(.text.main_cpp) refers to motortest_task.o(.text.MotorTest_Task_Init) for MotorTest_Task_Init
    maincpp.o(.ARM.exidx.text.main_cpp) refers to maincpp.o(.text.main_cpp) for [Anonymous Symbol]
    maincpp.o(.text._Z11Onmain_TaskPv) refers to tasks.o(.text.vTaskDelay) for vTaskDelay
    maincpp.o(.ARM.exidx.text._Z11Onmain_TaskPv) refers to maincpp.o(.text._Z11Onmain_TaskPv) for [Anonymous Symbol]
[...]
    HAL_InitTick                             0x08004421   Thumb Code   112  stm32f4xx_hal.o(.text.HAL_InitTick)
    HAL_MspInit                              0x08004491   Thumb Code    88  stm32f4xx_hal_msp.o(.text.HAL_MspInit)
    HAL_NVIC_EnableIRQ                       0x080044e9   Thumb Code    20  stm32f4xx_hal_cortex.o(.text.HAL_NVIC_EnableIRQ)
    HAL_NVIC_SetPriority                     0x080044fd   Thumb Code    50  stm32f4xx_hal_cortex.o(.text.HAL_NVIC_SetPriority)
    HAL_NVIC_SetPriorityGrouping             0x08004531   Thumb Code    16  stm32f4xx_hal_cortex.o(.text.HAL_NVIC_SetPriorityGrouping)
    HAL_PWREx_EnableOverDrive                0x08004541   Thumb Code   190  stm32f4xx_hal_pwr_ex.o(.text.HAL_PWREx_EnableOverDrive)
    HAL_RCC_ClockConfig                      0x08004601   Thumb Code   610  stm32f4xx_hal_rcc.o(.text.HAL_RCC_ClockConfig)
    HAL_RCC_GetHCLKFreq                      0x08004865   Thumb Code    12  stm32f4xx_hal_rcc.o(.text.HAL_RCC_GetHCLKFreq)
    HAL_RCC_GetPCLK1Freq                     0x08004871   Thumb Code    34  stm32f4xx_hal_rcc.o(.text.HAL_RCC_GetPCLK1Freq)
    HAL_RCC_GetPCLK2Freq                     0x08004895   Thumb Code    34  stm32f4xx_hal_rcc.o(.text.HAL_RCC_GetPCLK2Freq)
    HAL_RCC_GetSysClockFreq                  0x080048b9   Thumb Code   230  stm32f4xx_hal_rcc.o(.text.HAL_RCC_GetSysClockFreq)
    HAL_RCC_OscConfig                        0x080049a1   Thumb Code  1726  stm32f4xx_hal_rcc.o(.text.HAL_RCC_OscConfig)
    HAL_SYSTICK_Config                       0x08005061   Thumb Code    16  stm32f4xx_hal_cortex.o(.text.HAL_SYSTICK_Config)
    HAL_TIMEx_MasterConfigSynchronization    0x08005071   Thumb Code   290  stm32f4xx_hal_tim_ex.o(.text.HAL_TIMEx_MasterConfigSynchronization)
    HAL_TIM_Base_Init                        0x08005195   Thumb Code   156  stm32f4xx_hal_tim.o(.text.HAL_TIM_Base_Init)
    HAL_TIM_Base_MspInit                     0x08005231   Thumb Code   118  tim.o(.text.HAL_TIM_Base_MspInit)
    HAL_TIM_ConfigClockSource                0x080052a9   Thumb Code   388  stm32f4xx_hal_tim.o(.text.HAL_TIM_ConfigClockSource)
    HAL_TIM_MspPostInit                      0x0800542d   Thumb Code   266  tim.o(.text.HAL_TIM_MspPostInit)
    HAL_TIM_PWM_ConfigChannel                0x08005539   Thumb Code   322  stm32f4xx_hal_tim.o(.text.HAL_TIM_PWM_ConfigChannel)
    HAL_TIM_PWM_Init                         0x0800567d   Thumb Code   156  stm32f4xx_hal_tim.o(.text.HAL_TIM_PWM_Init)
    HAL_TIM_PWM_MspInit                      0x08005719   Thumb Code     8  stm32f4xx_hal_tim.o(.text.HAL_TIM_PWM_MspInit)
    HAL_TIM_PWM_Start                        0x08005721   Thumb Code   458  stm32f4xx_hal_tim.o(.text.HAL_TIM_PWM_Start)
    HAL_UARTEx_ReceiveToIdle_DMA             0x080058ed   Thumb Code   194  stm32f4xx_hal_uart.o(.text.HAL_UARTEx_ReceiveToIdle_DMA)
    HAL_UARTEx_RxEventCallback               0x080059b1   Thumb Code   210  bsp_usart.o(.text.HAL_UARTEx_RxEventCallback)
    HAL_UART_ErrorCallback                   0x08005a85   Thumb Code   138  bsp_usart.o(.text.HAL_UART_ErrorCallback)
    HAL_UART_IRQHandler                      0x08005b11   Thumb Code  1068  stm32f4xx_hal_uart.o(.text.HAL_UART_IRQHandler)
    HAL_UART_Init                            0x08005f3d   Thumb Code   158  stm32f4xx_hal_uart.o(.text.HAL_UART_Init)
    HAL_UART_MspInit                         0x08005fdd   Thumb Code   378  usart.o(.text.HAL_UART_MspInit)
    HAL_UART_RxCpltCallback                  0x08006159   Thumb Code     8  stm32f4xx_hal_uart.o(.text.HAL_UART_RxCpltCallback)
    HAL_UART_RxHalfCpltCallback              0x08006161   Thumb Code     8  stm32f4xx_hal_uart.o(.text.HAL_UART_RxHalfCpltCallback)
    HAL_UART_TxCpltCallback                  0x08006169   Thumb Code     8  stm32f4xx_hal_uart.o(.text.HAL_UART_TxCpltCallback)
    HardFault_Handler                        0x08006171   Thumb Code     4  stm32f4xx_it.o(.text.HardFault_Handler)
    MX_CAN1_Init                             0x08006175   Thumb Code    78  can.o(.text.MX_CAN1_Init)
    MX_CAN2_Init                             0x080061c5   Thumb Code    78  can.o(.text.MX_CAN2_Init)
    MX_DMA_Init                              0x08006215   Thumb Code    60  dma.o(.text.MX_DMA_Init)
    MX_FREERTOS_Init                         0x08006251   Thumb Code    70  freertos.o(.text.MX_FREERTOS_Init)
    MX_GPIO_Init                             0x08006299   Thumb Code   320  gpio.o(.text.MX_GPIO_Init)
    MX_TIM4_Init                             0x080063d9   Thumb Code   296  tim.o(.text.MX_TIM4_Init)
    MX_TIM5_Init                             0x08006501   Thumb Code   296  tim.o(.text.MX_TIM5_Init)
    MX_USART3_UART_Init                      0x08006629   Thumb Code    64  usart.o(.text.MX_USART3_UART_Init)
    MX_USART6_UART_Init                      0x08006669   Thumb Code    64  usart.o(.text.MX_USART6_UART_Init)
    MemManage_Handler                        0x080066a9   Thumb Code     4  stm32f4xx_it.o(.text.MemManage_Handler)
    MotorTest_Task_Init                      0x080066ad   Thumb Code    50  motortest_task.o(.text.MotorTest_Task_Init)
    NMI_Handler                              0x080066e1   Thumb Code     4  stm32f4xx_it.o(.text.NMI_Handler)
    PendSV_Handler                           0x08006751   Thumb Code   100  port.o(.text.PendSV_Handler)
    SVC_Handler                              0x080067c1   Thumb Code    36  port.o(.text.SVC_Handler)
    StartDefaultTask                         0x080067e5   Thumb Code    16  freertos.o(.text.StartDefaultTask)
    SysTick_Handler                          0x08006849   Thumb Code    24  stm32f4xx_it.o(.text.SysTick_Handler)
    SystemClock_Config                       0x08006861   Thumb Code   202  main.o(.text.SystemClock_Config)
    SystemInit                               0x0800692d   Thumb Code    18  system_stm32f4xx.o(.text.SystemInit)
    TIM_Base_SetConfig                       0x08006941   Thumb Code   432  stm32f4xx_hal_tim.o(.text.TIM_Base_SetConfig)
    TIM_CCxChannelCmd                        0x08006af1   Thumb Code    54  stm32f4xx_hal_tim.o(.text.TIM_CCxChannelCmd)
    TIM_ETR_SetConfig                        0x08006b29   Thumb Code    52  stm32f4xx_hal_tim.o(.text.TIM_ETR_SetConfig)
    TIM_OC2_SetConfig                        0x08006c75   Thumb Code   244  stm32f4xx_hal_tim.o(.text.TIM_OC2_SetConfig)
    UART10_Init                              0x08006fa5   Thumb Code    48  uart10_def.o(.text.UART10_Init)
    UART_Start_Receive_DMA                   0x08007535   Thumb Code   268  stm32f4xx_hal_uart.o(.text.UART_Start_Receive_DMA)
    USART6_IRQHandler                        0x080076d5   Thumb Code    16  stm32f4xx_it.o(.text.USART6_IRQHandler)
    USARTRegister                            0x080076e5   Thumb Code    86  bsp_usart.o(.text.USARTRegister)
    USARTServiceInit                         0x0800773d   Thumb Code    42  bsp_usart.o(.text.USARTServiceInit)
    UsageFault_Handler                       0x08007769   Thumb Code     4  stm32f4xx_it.o(.text.UsageFault_Handler)
    Onmain_Task(void*)                       0x08007775   Thumb Code    16  maincpp.o(.text._Z11Onmain_TaskPv)
    remoteControl(void*)                     0x08007785   Thumb Code   102  maincpp.o(.text._Z13remoteControlPv)
    OnServo1_Control(void*)                  0x080077ed   Thumb Code    40  maincpp.o(.text._Z16OnServo1_ControlPv)
    OnServo2_Control(void*)                  0x08007815   Thumb Code    40  maincpp.o(.text._Z16OnServo2_ControlPv)
    Servo::Servo_base_t::control(float)      0x0800783d   Thumb Code   840  servo.o(.text._ZN5Servo12Servo_base_t7controlEf)
    Servo::Servo_base_t::Servo_base_t__sub_object(TIM_HandleTypeDef*, unsigned int, servo_dir, int, float, float, float, float) 0x08007b91   Thumb Code   332  maincpp.o(.text._ZN5Servo12Servo_base_tC2EP17TIM_HandleTypeDefj9servo_diriffff)
    Control::Control_t::controlUpdate(float, float, float) 0x08007ce5   Thumb Code   992  control.o(.text._ZN7Control9Control_t13controlUpdateEfff)
    Control::Control_t::Control_t__sub_object(Servo::Servo_base_t*, Servo::Servo_base_t*) 0x080080cd   Thumb Code    30  maincpp.o(.text._ZN7Control9Control_tC2EPN5Servo12Servo_base_tES3_)
    std::__2::__math::acos[abi:nn200000](float) 0x080080ed   Thumb Code    20  control.o(.text._ZNSt3__26__math4acosB8nn200000Ef)
    std::__2::__math::atan[abi:nn200000](float) 0x08008101   Thumb Code    20  control.o(.text._ZNSt3__26__math4atanB8nn200000Ef)
    std::__2::__math::sqrt[abi:nn200000](float) 0x08008115   Thumb Code    20  control.o(.text._ZNSt3__26__math4sqrtB8nn200000Ef)
    std::__2::__math::atan2[abi:nn200000](float, float) 0x08008129   Thumb Code    28  control.o(.text._ZNSt3__26__math5atan2B8nn200000Eff)
    _sys_exit                                0x0800823d   Thumb Code     8  maincpp.o(.text._sys_exit)
    _ttywrch                                 0x08008245   Thumb Code     8  maincpp.o(.text._ttywrch)
    main                                     0x080082ad   Thumb Code   116  main.o(.text.main)
    main_cpp                                 0x08008321   Thumb Code   520  maincpp.o(.text.main_cpp)
    osDelay                                  0x08008861   Thumb Code    40  cmsis_os.o(.text.osDelay)
    osKernelStart                            0x08008889   Thumb Code    10  cmsis_os.o(.text.osKernelStart)
    osThreadCreate                           0x08008895   Thumb Code   172  cmsis_os.o(.text.osThreadCreate)
    pvPortMalloc                             0x08009045   Thumb Code   492  heap_4.o(.text.pvPortMalloc)
    pxPortInitialiseStack                    0x08009231   Thumb Code    94  port.o(.text.pxPortInitialiseStack)
    uxListRemove                             0x08009291   Thumb Code    72  list.o(.text.uxListRemove)
    vApplicationGetIdleTaskMemory            0x080092d9   Thumb Code    42  freertos.o(.text.vApplicationGetIdleTaskMemory)
    vListInitialise                          0x08009305   Thumb Code    46  list.o(.text.vListInitialise)
    vListInitialiseItem                      0x08009335   Thumb Code    14  list.o(.text.vListInitialiseItem)
    vListInsert                              0x08009345   Thumb Code   106  list.o(.text.vListInsert)
    vListInsertEnd                           0x080093b1   Thumb Code    58  list.o(.text.vListInsertEnd)
    vPortEnterCritical                       0x08009401   Thumb Code    86  port.o(.text.vPortEnterCritical)
    vPortExitCritical                        0x08009459   Thumb Code    74  port.o(.text.vPortExitCritical)
    vPortFree                                0x080094a5   Thumb Code   206  heap_4.o(.text.vPortFree)
    vPortSetupTimerInterrupt                 0x08009575   Thumb Code    68  port.o(.text.vPortSetupTimerInterrupt)
    vTaskDelay                               0x080095b9   Thumb Code   110  tasks.o(.text.vTaskDelay)
    vTaskStartScheduler                      0x08009629   Thumb Code   206  tasks.o(.text.vTaskStartScheduler)
    vTaskSuspendAll                          0x080096f9   Thumb Code    16  tasks.o(.text.vTaskSuspendAll)
    vTaskSwitchContext                       0x08009709   Thumb Code   190  tasks.o(.text.vTaskSwitchContext)
    xPortStartScheduler                      0x080097c9   Thumb Code   342  port.o(.text.xPortStartScheduler)
    xPortSysTickHandler                      0x08009921   Thumb Code    60  port.o(.text.xPortSysTickHandler)
    xTaskCreate                              0x0800995d   Thumb Code   158  tasks.o(.text.xTaskCreate)
    xTaskCreateStatic                        0x080099fd   Thumb Code   206  tasks.o(.text.xTaskCreateStatic)
    xTaskGetSchedulerState                   0x08009acd   Thumb Code    56  tasks.o(.text.xTaskGetSchedulerState)
    xTaskGetTickCount                        0x08009b05   Thumb Code    20  tasks.o(.text.xTaskGetTickCount)
    xTaskIncrementTick                       0x08009b19   Thumb Code   440  tasks.o(.text.xTaskIncrementTick)
    xTaskResumeAll                           0x08009cd1   Thumb Code   376  tasks.o(.text.xTaskResumeAll)
    _btod_d2e                                0x08009e49   Thumb Code    62  btod.o(CL$$btod_d2e)
    _d2e_denorm_low                          0x08009e87   Thumb Code    70  btod.o(CL$$btod_d2e_denorm_low)
    _d2e_norm_op1                            0x08009ecd   Thumb Code    96  btod.o(CL$$btod_d2e_norm_op1)
    __btod_div_common                        0x08009f2d   Thumb Code   696  btod.o(CL$$btod_div_common)
    _e2e                                     0x0800a265   Thumb Code   220  btod.o(CL$$btod_e2e)
    _btod_ediv                               0x0800a341   Thumb Code    42  btod.o(CL$$btod_ediv)
    _btod_emul                               0x0800a36b   Thumb Code    42  btod.o(CL$$btod_emul)
    __btod_mult_common                       0x0800a395   Thumb Code   580  btod.o(CL$$btod_mult_common)
    __ARM_fpclassify                         0x0800a5d9   Thumb Code    48  fpclassify.o(i.__ARM_fpclassify)
    __ARM_fpclassifyf                        0x0800a609   Thumb Code    38  fpclassifyf.o(i.__ARM_fpclassifyf)
    __hardfp_acosf                           0x0800a631   Thumb Code   234  acosf.o(i.__hardfp_acosf)
    __hardfp_atan2f                          0x0800a749   Thumb Code   594  atan2f.o(i.__hardfp_atan2f)
    __hardfp_atanf                           0x0800a9f5   Thumb Code   296  atanf.o(i.__hardfp_atanf)
    __hardfp_sqrtf                           0x0800ab55   Thumb Code    58  sqrtf.o(i.__hardfp_sqrtf)
    __mathlib_flt_infnan                     0x0800ab8f   Thumb Code     6  funder.o(i.__mathlib_flt_infnan)
    __mathlib_flt_infnan2                    0x0800ab95   Thumb Code     6  funder.o(i.__mathlib_flt_infnan2)
    __mathlib_flt_invalid                    0x0800ab9d   Thumb Code    10  funder.o(i.__mathlib_flt_invalid)
    __mathlib_flt_underflow                  0x0800abad   Thumb Code    10  funder.o(i.__mathlib_flt_underflow)
    _is_digit                                0x0800abbd   Thumb Code    14  __printf_wp.o(i._is_digit)
    fputc                                    0x0800abcb   Thumb Code    28  fputc.o(i.fputc)
    sqrtf                                    0x0800abe7   Thumb Code    62  sqrtf.o(i.sqrtf)
    _get_lc_numeric                          0x0800ac25   Thumb Code    44  lc_numeric_c.o(locale$$code)
    _get_lc_ctype                            0x0800ac51   Thumb Code    44  lc_ctype_c.o(locale$$code)
    __fpl_dretinf                            0x0800ac7d   Thumb Code    12  dretinf.o(x$fpl$dretinf)
    __aeabi_f2d                              0x0800ac89   Thumb Code     0  f2d.o(x$fpl$f2d)
    _f2d                                     0x0800ac89   Thumb Code    86  f2d.o(x$fpl$f2d)
    __fpl_fnaninf                            0x0800acdf   Thumb Code   140  fnaninf.o(x$fpl$fnaninf)
    _fp_init                                 0x0800ad6b   Thumb Code    26  fpinit.o(x$fpl$fpinit)
    __fplib_config_fpu_vfp                   0x0800ad83   Thumb Code     0  fpinit.o(x$fpl$fpinit)
    __fplib_config_pureend_doubles           0x0800ad83   Thumb Code     0  fpinit.o(x$fpl$fpinit)
    _printf_fp_dec                           0x0800ad85   Thumb Code     4  printf1.o(x$fpl$printf1)
    _printf_fp_hex                           0x0800ad89   Thumb Code     4  printf2.o(x$fpl$printf2)
    __I$use$fp                               0x0800ad8c   Number         0  usenofp.o(x$fpl$usenofp)
    __stdin_name                             0x0800adf3   Data           4  sys_io_names.o(.constdata)
    __stdout_name                            0x0800adf7   Data           4  sys_io_names.o(.constdata)
    __stderr_name                            0x0800adfb   Data           4  sys_io_names.o(.constdata)
    AHBPrescTable                            0x0800aeb0   Data          16  system_stm32f4xx.o(.rodata.AHBPrescTable)
    APBPrescTable                            0x0800aec0   Data           8  system_stm32f4xx.o(.rodata.APBPrescTable)
    Region$$Table$$Base                      0x0800b0a0   Number         0  anon$$obj.o(Region$$Table)
    Region$$Table$$Limit                     0x0800b0c0   Number         0  anon$$obj.o(Region$$Table)
    __ctype                                  0x0800b0e9   Data           0  lc_ctype_c.o(locale$$data)
    SHT$$INIT_ARRAY$$Base                    0x0800b1ec   Number         0  control.o(.init_array)
    SHT$$INIT_ARRAY$$Limit                   0x0800b1f0   Number         0  init_aeabi.o(.init_array)
    __aeabi_stdin                            0x20000000   Data           4  stdio_streams.o(.data)
    __aeabi_stdout                           0x20000004   Data           4  stdio_streams.o(.data)
    __aeabi_stderr                           0x20000008   Data           4  stdio_streams.o(.data)
    R1                                       0x20000010   Data           4  control.o(.data.R1)
    R2                                       0x20000014   Data           4  control.o(.data.R2)
    SystemCoreClock                          0x20000018   Data           4  system_stm32f4xx.o(.data.SystemCoreClock)
    debug_velocity                           0x2000001c   Data           4  maincpp.o(.data.debug_velocity)
    uwTickFreq                               0x20000020   Data           1  stm32f4xx_hal.o(.data.uwTickFreq)
    uwTickPrio                               0x20000024   Data           4  stm32f4xx_hal.o(.data.uwTickPrio)
    __stdin                                  0x20000030   Data          84  stdio_streams.o(.bss)
    __stdout                                 0x20000084   Data          84  stdio_streams.o(.bss)
    __stderr                                 0x200000d8   Data          84  stdio_streams.o(.bss)
    __libspace_start                         0x2000012c   Data          96  libspace.o(.bss)
    C620_Group_instnce                       0x2000018c   Data          16  c620.o(.bss.C620_Group_instnce)
    __temporary_stack_top$libspace           0x2000018c   Data           0  libspace.o(.bss)
    Omain_handle                             0x200001c4   Data           4  maincpp.o(.bss.Omain_handle)
    R_all                                    0x200001c8   Data           4  control.o(.bss.R_all)
    Remote_control_handle                    0x200001cc   Data           4  maincpp.o(.bss.Remote_control_handle)
    Servo1_Motor_handle                      0x200001d0   Data           4  maincpp.o(.bss.Servo1_Motor_handle)
    Servo2_Motor_handle                      0x200001d4   Data           4  maincpp.o(.bss.Servo2_Motor_handle)
    control                                  0x20000218   Data          24  maincpp.o(.bss.control)
    defaultTaskHandle                        0x20000230   Data           4  freertos.o(.bss.defaultTaskHandle)
    hcan1                                    0x20000234   Data          40  can.o(.bss.hcan1)
    hcan2                                    0x2000025c   Data          40  can.o(.bss.hcan2)
    hdma_usart6_rx                           0x20000284   Data          96  usart.o(.bss.hdma_usart6_rx)
    htim4                                    0x200002e4   Data          72  tim.o(.bss.htim4)
    htim5                                    0x2000032c   Data          72  tim.o(.bss.htim5)
    huart3                                   0x20000374   Data          72  usart.o(.bss.huart3)
    huart6                                   0x200003bc   Data          72  usart.o(.bss.huart6)
    pxCurrentTCB                             0x2000040c   Data           4  tasks.o(.bss.pxCurrentTCB)
    servo_theta1                             0x200004b4   Data          44  maincpp.o(.bss.servo_theta1)
    servo_theta2                             0x200004e0   Data          44  maincpp.o(.bss.servo_theta2)
    servo_theta3                             0x2000050c   Data          44  maincpp.o(.bss.servo_theta3)
    tmep_m_1                                 0x20000538   Data           4  control.o(.bss.tmep_m_1)
    tmep_m_2                                 0x2000053c   Data           4  control.o(.bss.tmep_m_2)
    uart10                                   0x20000540   Data         268  uart10_def.o(.bss.uart10)
    uwTick                                   0x20004260   Data           4  stm32f4xx_hal.o(.bss.uwTick)
    x                                        0x20004278   Data           4  maincpp.o(.bss.x)
    yaw                                      0x2000456c   Data           4  maincpp.o(.bss.yaw)
    z                                        0x20004570   Data           4  maincpp.o(.bss.z)



==============================================================================

Memory Map of the image

  Image Entry point : 0x080001ad

  Load Region LR_IROM1 (Base: 0x08000000, Size: 0x0000b220, Max: 0x00200000, ABSOLUTE)

    Execution Region ER_IROM1 (Exec base: 0x08000000, Load base: 0x08000000, Size: 0x0000b1f0, Max: 0x00200000, ABSOLUTE)

    Exec Addr    Load Addr    Size         Type   Attr      Idx    E Section Name        Object

    0x08000000   0x08000000   0x000001ac   Data   RO            3    RESET               startup_stm32f427xx.o
    0x080001ac   0x080001ac   0x00000008   Code   RO         1995  * !!!main             c_w.l(__main.o)
    0x080001b4   0x080001b4   0x0000005c   Code   RO         2517    !!!scatter          c_w.l(__scatter.o)
    0x08000210   0x08000210   0x0000001a   Code   RO         2521    !!handler_copy      c_w.l(__scatter_copy.o)
    0x0800022a   0x0800022a   0x00000002   PAD
    0x0800022c   0x0800022c   0x00000002   Code   RO         2518    !!handler_null      c_w.l(__scatter.o)
    0x0800022e   0x0800022e   0x00000002   PAD
    0x08000230   0x08000230   0x0000001c   Code   RO         2523    !!handler_zi        c_w.l(__scatter_zi.o)
    0x0800024c   0x0800024c   0x00000000   Code   RO         2146    .ARM.Collect$$_printf_percent$$00000000  c_w.l(_printf_percent.o)
    0x0800024c   0x0800024c   0x00000006   Code   RO         2135    .ARM.Collect$$_printf_percent$$00000001  c_w.l(_printf_n.o)
    0x08000252   0x08000252   0x00000006   Code   RO         2137    .ARM.Collect$$_printf_percent$$00000002  c_w.l(_printf_p.o)
    0x08000258   0x08000258   0x00000006   Code   RO         2142    .ARM.Collect$$_printf_percent$$00000003  c_w.l(_printf_f.o)
    0x0800025e   0x0800025e   0x00000006   Code   RO         2143    .ARM.Collect$$_printf_percent$$00000004  c_w.l(_printf_e.o)
    0x08000264   0x08000264   0x00000006   Code   RO         2144    .ARM.Collect$$_printf_percent$$00000005  c_w.l(_printf_g.o)
    0x0800026a   0x0800026a   0x00000006   Code   RO         2145    .ARM.Collect$$_printf_percent$$00000006  c_w.l(_printf_a.o)
    0x08000270   0x08000270   0x0000000a   Code   RO         2150    .ARM.Collect$$_printf_percent$$00000007  c_w.l(_printf_ll.o)
    0x0800027a   0x0800027a   0x00000006   Code   RO         2139    .ARM.Collect$$_printf_percent$$00000008  c_w.l(_printf_i.o)
    0x08000280   0x08000280   0x00000006   Code   RO         2140    .ARM.Collect$$_printf_percent$$00000009  c_w.l(_printf_d.o)
    0x08000286   0x08000286   0x00000006   Code   RO         2141    .ARM.Collect$$_printf_percent$$0000000A  c_w.l(_printf_u.o)
    0x0800028c   0x0800028c   0x00000006   Code   RO         2138    .ARM.Collect$$_printf_percent$$0000000B  c_w.l(_printf_o.o)
    0x08000292   0x08000292   0x00000006   Code   RO         2136    .ARM.Collect$$_printf_percent$$0000000C  c_w.l(_printf_x.o)
    0x08000298   0x08000298   0x00000006   Code   RO         2147    .ARM.Collect$$_printf_percent$$0000000D  c_w.l(_printf_lli.o)
    0x0800029e   0x0800029e   0x00000006   Code   RO         2148    .ARM.Collect$$_printf_percent$$0000000E  c_w.l(_printf_lld.o)
    0x080002a4   0x080002a4   0x00000006   Code   RO         2149    .ARM.Collect$$_printf_percent$$0000000F  c_w.l(_printf_llu.o)
    0x080002aa   0x080002aa   0x00000006   Code   RO         2154    .ARM.Collect$$_printf_percent$$00000010  c_w.l(_printf_llo.o)
    0x080002b0   0x080002b0   0x00000006   Code   RO         2155    .ARM.Collect$$_printf_percent$$00000011  c_w.l(_printf_llx.o)
    0x080002b6   0x080002b6   0x0000000a   Code   RO         2151    .ARM.Collect$$_printf_percent$$00000012  c_w.l(_printf_l.o)
    0x080002c0   0x080002c0   0x00000006   Code   RO         2133    .ARM.Collect$$_printf_percent$$00000013  c_w.l(_printf_c.o)
    0x080002c6   0x080002c6   0x00000006   Code   RO         2134    .ARM.Collect$$_printf_percent$$00000014  c_w.l(_printf_s.o)
    0x080002cc   0x080002cc   0x00000006   Code   RO         2152    .ARM.Collect$$_printf_percent$$00000015  c_w.l(_printf_lc.o)
    0x080002d2   0x080002d2   0x00000006   Code   RO         2153    .ARM.Collect$$_printf_percent$$00000016  c_w.l(_printf_ls.o)
    0x080002d8   0x080002d8   0x00000004   Code   RO         2300    .ARM.Collect$$_printf_percent$$00000017  c_w.l(_printf_percent_end.o)
    0x080002dc   0x080002dc   0x00000002   Code   RO         2417    .ARM.Collect$$libinit$$00000000  c_w.l(libinit.o)
    0x080002de   0x080002de   0x00000004   Code   RO         2166    .ARM.Collect$$libinit$$00000001  c_w.l(libinit2.o)
    0x080002e2   0x080002e2   0x00000000   Code   RO         2169    .ARM.Collect$$libinit$$00000004  c_w.l(libinit2.o)
    0x080002e2   0x080002e2   0x00000000   Code   RO         2171    .ARM.Collect$$libinit$$00000006  c_w.l(libinit2.o)
    0x080002e2   0x080002e2   0x00000008   Code   RO         2172    .ARM.Collect$$libinit$$00000007  c_w.l(libinit2.o)
    0x080002ea   0x080002ea   0x00000000   Code   RO         2174    .ARM.Collect$$libinit$$0000000C  c_w.l(libinit2.o)
    0x080002ea   0x080002ea   0x00000000   Code   RO         2176    .ARM.Collect$$libinit$$0000000E  c_w.l(libinit2.o)
    0x080002ea   0x080002ea   0x00000000   Code   RO         2178    .ARM.Collect$$libinit$$00000010  c_w.l(libinit2.o)
    0x080002ea   0x080002ea   0x00000006   Code   RO         2179    .ARM.Collect$$libinit$$00000011  c_w.l(libinit2.o)
    0x080002f0   0x080002f0   0x00000000   Code   RO         2181    .ARM.Collect$$libinit$$00000013  c_w.l(libinit2.o)
    0x080002f0   0x080002f0   0x0000000c   Code   RO         2182    .ARM.Collect$$libinit$$00000014  c_w.l(libinit2.o)
    0x080002fc   0x080002fc   0x00000000   Code   RO         2183    .ARM.Collect$$libinit$$00000015  c_w.l(libinit2.o)
    0x080002fc   0x080002fc   0x00000000   Code   RO         2185    .ARM.Collect$$libinit$$00000017  c_w.l(libinit2.o)
    0x080002fc   0x080002fc   0x0000000a   Code   RO         2186    .ARM.Collect$$libinit$$00000018  c_w.l(libinit2.o)
    0x08000306   0x08000306   0x00000000   Code   RO         2187    .ARM.Collect$$libinit$$00000019  c_w.l(libinit2.o)
    0x08000306   0x08000306   0x00000000   Code   RO         2189    .ARM.Collect$$libinit$$0000001B  c_w.l(libinit2.o)
    0x08000306   0x08000306   0x00000000   Code   RO         2191    .ARM.Collect$$libinit$$0000001D  c_w.l(libinit2.o)
    0x08000306   0x08000306   0x00000000   Code   RO         2193    .ARM.Collect$$libinit$$0000001F  c_w.l(libinit2.o)
    0x08000306   0x08000306   0x00000000   Code   RO         2195    .ARM.Collect$$libinit$$00000021  c_w.l(libinit2.o)
    0x08000306   0x08000306   0x00000000   Code   RO         2197    .ARM.Collect$$libinit$$00000023  c_w.l(libinit2.o)
    0x08000306   0x08000306   0x00000000   Code   RO         2199    .ARM.Collect$$libinit$$00000025  c_w.l(libinit2.o)
    0x08000306   0x08000306   0x00000004   Code   RO         2200    .ARM.Collect$$libinit$$00000026  c_w.l(libinit2.o)
    0x0800030a   0x0800030a   0x00000000   Code   RO         2201    .ARM.Collect$$libinit$$00000027  c_w.l(libinit2.o)
    0x0800030a   0x0800030a   0x00000000   Code   RO         2205    .ARM.Collect$$libinit$$0000002E  c_w.l(libinit2.o)
    0x0800030a   0x0800030a   0x00000000   Code   RO         2207    .ARM.Collect$$libinit$$00000030  c_w.l(libinit2.o)
    0x0800030a   0x0800030a   0x00000000   Code   RO         2209    .ARM.Collect$$libinit$$00000032  c_w.l(libinit2.o)
    0x0800030a   0x0800030a   0x00000004   Code   RO         2210    .ARM.Collect$$libinit$$00000033  c_w.l(libinit2.o)
    0x0800030e   0x0800030e   0x00000000   Code   RO         2211    .ARM.Collect$$libinit$$00000034  c_w.l(libinit2.o)
    0x0800030e   0x0800030e   0x00000002   Code   RO         2212    .ARM.Collect$$libinit$$00000035  c_w.l(libinit2.o)
    0x08000310   0x08000310   0x00000002   Code   RO         2514    .ARM.Collect$$libshutdown$$00000000  c_w.l(libshutdown.o)
    0x08000312   0x08000312   0x00000000   Code   RO         2419    .ARM.Collect$$libshutdown$$00000002  c_w.l(libshutdown2.o)
    0x08000312   0x08000312   0x00000004   Code   RO         2420    .ARM.Collect$$libshutdown$$00000003  c_w.l(libshutdown2.o)
    0x08000316   0x08000316   0x00000000   Code   RO         2421    .ARM.Collect$$libshutdown$$00000004  c_w.l(libshutdown2.o)
    0x08000316   0x08000316   0x00000000   Code   RO         2424    .ARM.Collect$$libshutdown$$00000007  c_w.l(libshutdown2.o)
    0x08000316   0x08000316   0x00000000   Code   RO         2427    .ARM.Collect$$libshutdown$$0000000A  c_w.l(libshutdown2.o)
    0x08000316   0x08000316   0x00000000   Code   RO         2429    .ARM.Collect$$libshutdown$$0000000C  c_w.l(libshutdown2.o)
    0x08000316   0x08000316   0x00000000   Code   RO         2432    .ARM.Collect$$libshutdown$$0000000F  c_w.l(libshutdown2.o)
    0x08000316   0x08000316   0x00000002   Code   RO         2433    .ARM.Collect$$libshutdown$$00000010  c_w.l(libshutdown2.o)
    0x08000318   0x08000318   0x00000000   Code   RO         2031    .ARM.Collect$$rtentry$$00000000  c_w.l(__rtentry.o)
    0x08000318   0x08000318   0x00000000   Code   RO         2254    .ARM.Collect$$rtentry$$00000002  c_w.l(__rtentry2.o)
    0x08000318   0x08000318   0x00000006   Code   RO         2266    .ARM.Collect$$rtentry$$00000004  c_w.l(__rtentry4.o)
    0x0800031e   0x0800031e   0x00000000   Code   RO         2256    .ARM.Collect$$rtentry$$00000009  c_w.l(__rtentry2.o)
    0x0800031e   0x0800031e   0x00000004   Code   RO         2257    .ARM.Collect$$rtentry$$0000000A  c_w.l(__rtentry2.o)
    0x08000322   0x08000322   0x00000000   Code   RO         2259    .ARM.Collect$$rtentry$$0000000C  c_w.l(__rtentry2.o)
    0x08000322   0x08000322   0x00000008   Code   RO         2260    .ARM.Collect$$rtentry$$0000000D  c_w.l(__rtentry2.o)
    0x0800032a   0x0800032a   0x00000002   Code   RO         2444    .ARM.Collect$$rtexit$$00000000  c_w.l(rtexit.o)
    0x0800032c   0x0800032c   0x00000000   Code   RO         2478    .ARM.Collect$$rtexit$$00000002  c_w.l(rtexit2.o)
    0x0800032c   0x0800032c   0x00000004   Code   RO         2479    .ARM.Collect$$rtexit$$00000003  c_w.l(rtexit2.o)
    0x08000330   0x08000330   0x00000006   Code   RO         2480    .ARM.Collect$$rtexit$$00000004  c_w.l(rtexit2.o)
    0x08000336   0x08000336   0x00000002   PAD
    0x08000338   0x08000338   0x00000040   Code   RO            4    .text               startup_stm32f427xx.o
    0x08000378   0x08000378   0x0000005e   Code   RO         1927    .text               c_w.l(h1_alloc.o)
    0x080003d6   0x080003d6   0x000000f0   Code   RO         1981    .text               c_w.l(lludivv7m.o)
    0x080004c6   0x080004c6   0x00000002   PAD
    0x080004c8   0x080004c8   0x00000018   Code   RO         1983    .text               c_w.l(printf.o)
    0x080004e0   0x080004e0   0x0000008a   Code   RO         1985    .text               c_w.l(rt_memcpy_v6.o)
    0x0800056a   0x0800056a   0x00000044   Code   RO         1989    .text               c_w.l(rt_memclr.o)
    0x080005ae   0x080005ae   0x0000004e   Code   RO         1991    .text               c_w.l(rt_memclr_w.o)
    0x080005fc   0x080005fc   0x00000006   Code   RO         1993    .text               c_w.l(heapauxi.o)
    0x08000602   0x08000602   0x00000002   PAD
    0x08000604   0x08000604   0x0000002c   Code   RO         2000    .text               c_w.l(init_aeabi.o)
    0x08000630   0x08000630   0x00000008   Code   RO         2039    .text               c_w.l(rt_heap_descriptor_intlibspace.o)
    0x08000638   0x08000638   0x00000004   Code   RO         2041    .text               c_w.l(hguard.o)
    0x0800063c   0x0800063c   0x0000008a   Code   RO         2043    .text               c_w.l(init_alloc.o)
    0x080006c6   0x080006c6   0x0000000c   Code   RO         2049    .text               c_w.l(h1_init.o)
    0x080006d2   0x080006d2   0x0000004e   Code   RO         2051    .text               c_w.l(h1_free.o)
    0x08000720   0x08000720   0x00000016   Code   RO         2065    .text               c_w.l(_rserrno.o)
    0x08000736   0x08000736   0x0000004e   Code   RO         2069    .text               c_w.l(_printf_pad.o)
    0x08000784   0x08000784   0x00000024   Code   RO         2071    .text               c_w.l(_printf_truncate.o)
    0x080007a8   0x080007a8   0x00000052   Code   RO         2073    .text               c_w.l(_printf_str.o)
    0x080007fa   0x080007fa   0x00000002   PAD
    0x080007fc   0x080007fc   0x00000078   Code   RO         2075    .text               c_w.l(_printf_dec.o)
    0x08000874   0x08000874   0x00000028   Code   RO         2077    .text               c_w.l(_printf_charcount.o)
    0x0800089c   0x0800089c   0x00000024   Code   RO         2079    .text               c_w.l(_printf_char_file.o)
    0x080008c0   0x080008c0   0x000000bc   Code   RO         2081    .text               c_w.l(_printf_wctomb.o)
    0x0800097c   0x0800097c   0x0000007c   Code   RO         2084    .text               c_w.l(_printf_longlong_dec.o)
    0x080009f8   0x080009f8   0x00000070   Code   RO         2090    .text               c_w.l(_printf_oct_int_ll.o)
    0x08000a68   0x08000a68   0x00000094   Code   RO         2110    .text               c_w.l(_printf_hex_int_ll_ptr.o)
    0x08000afc   0x08000afc   0x00000188   Code   RO         2130    .text               c_w.l(__printf_flags_ss_wp.o)
    0x08000c84   0x08000c84   0x00000064   Code   RO         2162    .text               c_w.l(rt_memcpy_w.o)
    0x08000ce8   0x08000ce8   0x00000008   Code   RO         2250    .text               c_w.l(libspace.o)
    0x08000cf0   0x08000cf0   0x00000008   Code   RO         2273    .text               c_w.l(rt_errno_addr_intlibspace.o)
    0x08000cf8   0x08000cf8   0x00000000   Code   RO         2277    .text               c_w.l(maybetermalloc1.o)
    0x08000cf8   0x08000cf8   0x00000034   Code   RO         2279    .text               c_w.l(h1_extend.o)
    0x08000d2c   0x08000d2c   0x0000008a   Code   RO         2283    .text               c_w.l(lludiv10.o)
    0x08000db6   0x08000db6   0x000000b2   Code   RO         2285    .text               c_w.l(_printf_intcommon.o)
    0x08000e68   0x08000e68   0x0000041c   Code   RO         2287    .text               c_w.l(_printf_fp_dec.o)
    0x08001284   0x08001284   0x000002fc   Code   RO         2291    .text               c_w.l(_printf_fp_hex.o)
    0x08001580   0x08001580   0x00000030   Code   RO         2294    .text               c_w.l(_printf_char_common.o)
    0x080015b0   0x080015b0   0x0000002c   Code   RO         2296    .text               c_w.l(_printf_char.o)
    0x080015dc   0x080015dc   0x0000002c   Code   RO         2298    .text               c_w.l(_printf_wchar.o)
    0x08001608   0x08001608   0x00000008   Code   RO         2301    .text               c_w.l(ferror.o)
    0x08001610   0x08001610   0x00000138   Code   RO         2307    .text               c_w.l(initio.o)
    0x08001748   0x08001748   0x00000048   Code   RO         2315    .text               c_w.l(_c16rtomb.o)
    0x08001790   0x08001790   0x0000000e   Code   RO         2317    .text               c_w.l(defsig_rtmem_outer.o)
    0x0800179e   0x0800179e   0x00000002   Code   RO         2331    .text               c_w.l(use_no_semi.o)
    0x080017a0   0x080017a0   0x00000000   Code   RO         2333    .text               c_w.l(indicate_semi.o)
    0x080017a0   0x080017a0   0x0000004a   Code   RO         2334    .text               c_w.l(sys_stackheap_outer.o)
    0x080017ea   0x080017ea   0x00000002   PAD
    0x080017ec   0x080017ec   0x00000010   Code   RO         2336    .text               c_w.l(rt_ctype_table.o)
    0x080017fc   0x080017fc   0x00000008   Code   RO         2343    .text               c_w.l(rt_locale_intlibspace.o)
    0x08001804   0x08001804   0x00000080   Code   RO         2347    .text               c_w.l(_printf_fp_infnan.o)
    0x08001884   0x08001884   0x000000e4   Code   RO         2351    .text               c_w.l(bigflt0.o)
    0x08001968   0x08001968   0x000001e2   Code   RO         2378    .text               c_w.l(flsbuf.o)
    0x08001b4a   0x08001b4a   0x00000046   Code   RO         2380    .text               c_w.l(setvbuf.o)
    0x08001b90   0x08001b90   0x000000f0   Code   RO         2383    .text               c_w.l(fopen.o)
    0x08001c80   0x08001c80   0x0000004c   Code   RO         2385    .text               c_w.l(fclose.o)
    0x08001ccc   0x08001ccc   0x00000012   Code   RO         2394    .text               c_w.l(exit.o)
    0x08001cde   0x08001cde   0x0000000a   Code   RO         2396    .text               c_w.l(defsig_exit.o)
    0x08001ce8   0x08001ce8   0x0000000e   Code   RO         2402    .text               c_w.l(defsig_rtred_outer.o)
    0x08001cf6   0x08001cf6   0x00000002   PAD
    0x08001cf8   0x08001cf8   0x00000050   Code   RO         2406    .text               c_w.l(defsig_rtmem_inner.o)
    0x08001d48   0x08001d48   0x00000066   Code   RO         2440    .text               c_w.l(sys_io.o)
    0x08001dae   0x08001dae   0x00000002   PAD
    0x08001db0   0x08001db0   0x000000f8   Code   RO         2454    .text               c_w.l(fseek.o)
    0x08001ea8   0x08001ea8   0x00000108   Code   RO         2456    .text               c_w.l(stdio.o)
    0x08001fb0   0x08001fb0   0x00000032   Code   RO         2467    .text               c_w.l(defsig_general.o)
    0x08001fe2   0x08001fe2   0x00000002   PAD
    0x08001fe4   0x08001fe4   0x00000034   Code   RO         2471    .text               c_w.l(defsig_rtred_inner.o)
    0x08002018   0x08002018   0x0000007c   Code   RO         2475    .text               c_w.l(strcmpv7em.o)
    0x08002094   0x08002094   0x00000042   Code   RO         2490    .text               c_w.l(ftell.o)
    0x080020d6   0x080020d6   0x0000003e   Code   RO         2498    .text               c_w.l(strlen.o)
    0x08002114   0x08002114   0x0000000c   Code   RO           21    .text.$Sub$$_sys_open  maincpp.o
    0x08002120   0x08002120   0x00000004   Code   RO          164    .text.BusFault_Handler  stm32f4xx_it.o
    0x08002124   0x08002124   0x00000248   Code   RO         1339    .text.C620_Group_Get_Info  c620.o
    0x0800236c   0x0800236c   0x000000ba   Code   RO         1341    .text.C620_Group_Register  c620.o
    0x08002426   0x08002426   0x00000002   PAD
    0x08002428   0x08002428   0x000000b0   Code   RO         1343    .text.C620_Group_Set_Current  c620.o
    0x080024d8   0x080024d8   0x000000a6   Code   RO         1345    .text.C620_Group_base_current  c620.o
    0x0800257e   0x0800257e   0x00000002   PAD
    0x08002580   0x08002580   0x00000010   Code   RO          172    .text.CAN1_RX0_IRQHandler  stm32f4xx_it.o
    0x08002590   0x08002590   0x00000010   Code   RO          174    .text.CAN1_RX1_IRQHandler  stm32f4xx_it.o
    0x080025a0   0x080025a0   0x00000010   Code   RO          178    .text.CAN2_RX0_IRQHandler  stm32f4xx_it.o
    0x080025b0   0x080025b0   0x00000010   Code   RO          180    .text.CAN2_RX1_IRQHandler  stm32f4xx_it.o
    0x080025c0   0x080025c0   0x0000006e   Code   RO         1358    .text.CANAddFilter  bsp_can.o
    0x0800262e   0x0800262e   0x00000002   PAD
    0x08002630   0x08002630   0x000000e0   Code   RO         1366    .text.CANFIFOxCallback  bsp_can.o
    0x08002710   0x08002710   0x00000106   Code   RO         1356    .text.CANRegister   bsp_can.o
    0x08002816   0x08002816   0x00000002   PAD
    0x08002818   0x08002818   0x00000048   Code   RO         1370    .text.CANServiceInit  bsp_can.o
    0x08002860   0x08002860   0x00000050   Code   RO         1360    .text.CANTransmit   bsp_can.o
    0x080028b0   0x080028b0   0x00000010   Code   RO          176    .text.DMA2_Stream1_IRQHandler  stm32f4xx_it.o
    0x080028c0   0x080028c0   0x00000056   Code   RO          476    .text.DMA_CalcBaseAndBitshift  stm32f4xx_hal_dma.o
    0x08002916   0x08002916   0x00000002   PAD
    0x08002918   0x08002918   0x000000f0   Code   RO          474    .text.DMA_CheckFifoParam  stm32f4xx_hal_dma.o
    0x08002a08   0x08002a08   0x00000050   Code   RO          482    .text.DMA_SetConfig  stm32f4xx_hal_dma.o
    0x08002a58   0x08002a58   0x00000002   Code   RO          168    .text.DebugMon_Handler  stm32f4xx_it.o
    0x08002a5a   0x08002a5a   0x00000002   PAD
    0x08002a5c   0x08002a5c   0x00000006   Code   RO           57    .text.Error_Handler  main.o
    0x08002a62   0x08002a62   0x00000002   PAD
    0x08002a64   0x08002a64   0x00000052   Code   RO          233    .text.HAL_CAN_ActivateNotification  stm32f4xx_hal_can.o
    0x08002ab6   0x08002ab6   0x00000002   PAD
    0x08002ab8   0x08002ab8   0x00000156   Code   RO          219    .text.HAL_CAN_AddTxMessage  stm32f4xx_hal_can.o
    0x08002c0e   0x08002c0e   0x00000002   PAD
    0x08002c10   0x08002c10   0x000001a4   Code   RO          209    .text.HAL_CAN_ConfigFilter  stm32f4xx_hal_can.o
    0x08002db4   0x08002db4   0x00000008   Code   RO          263    .text.HAL_CAN_ErrorCallback  stm32f4xx_hal_can.o
    0x08002dbc   0x08002dbc   0x00000052   Code   RO          231    .text.HAL_CAN_GetRxFifoFillLevel  stm32f4xx_hal_can.o
    0x08002e0e   0x08002e0e   0x00000002   PAD
    0x08002e10   0x08002e10   0x00000212   Code   RO          229    .text.HAL_CAN_GetRxMessage  stm32f4xx_hal_can.o
    0x08003022   0x08003022   0x00000002   PAD
    0x08003024   0x08003024   0x00000070   Code   RO          223    .text.HAL_CAN_GetTxMailboxesFreeLevel  stm32f4xx_hal_can.o
    0x08003094   0x08003094   0x000003f2   Code   RO          237    .text.HAL_CAN_IRQHandler  stm32f4xx_hal_can.o
    0x08003486   0x08003486   0x00000002   PAD
    0x08003488   0x08003488   0x000001de   Code   RO          199    .text.HAL_CAN_Init  stm32f4xx_hal_can.o
    0x08003666   0x08003666   0x00000002   PAD
    0x08003668   0x08003668   0x000001b0   Code   RO           99    .text.HAL_CAN_MspInit  can.o
    0x08003818   0x08003818   0x00000008   Code   RO          251    .text.HAL_CAN_RxFifo0FullCallback  stm32f4xx_hal_can.o
    0x08003820   0x08003820   0x00000012   Code   RO         1364    .text.HAL_CAN_RxFifo0MsgPendingCallback  bsp_can.o
    0x08003832   0x08003832   0x00000002   PAD
    0x08003834   0x08003834   0x00000008   Code   RO          255    .text.HAL_CAN_RxFifo1FullCallback  stm32f4xx_hal_can.o
    0x0800383c   0x0800383c   0x00000012   Code   RO         1368    .text.HAL_CAN_RxFifo1MsgPendingCallback  bsp_can.o
    0x0800384e   0x0800384e   0x00000002   PAD
    0x08003850   0x08003850   0x00000008   Code   RO          259    .text.HAL_CAN_SleepCallback  stm32f4xx_hal_can.o
    0x08003858   0x08003858   0x0000008a   Code   RO          211    .text.HAL_CAN_Start  stm32f4xx_hal_can.o
    0x080038e2   0x080038e2   0x00000002   PAD
    0x080038e4   0x080038e4   0x00000008   Code   RO          241    .text.HAL_CAN_TxMailbox0AbortCallback  stm32f4xx_hal_can.o
    0x080038ec   0x080038ec   0x00000008   Code   RO          239    .text.HAL_CAN_TxMailbox0CompleteCallback  stm32f4xx_hal_can.o
    0x080038f4   0x080038f4   0x00000008   Code   RO          245    .text.HAL_CAN_TxMailbox1AbortCallback  stm32f4xx_hal_can.o
    0x080038fc   0x080038fc   0x00000008   Code   RO          243    .text.HAL_CAN_TxMailbox1CompleteCallback  stm32f4xx_hal_can.o
    0x08003904   0x08003904   0x00000008   Code   RO          249    .text.HAL_CAN_TxMailbox2AbortCallback  stm32f4xx_hal_can.o
    0x0800390c   0x0800390c   0x00000008   Code   RO          247    .text.HAL_CAN_TxMailbox2CompleteCallback  stm32f4xx_hal_can.o
    0x08003914   0x08003914   0x00000008   Code   RO          261    .text.HAL_CAN_WakeUpFromRxMsgCallback  stm32f4xx_hal_can.o
    0x0800391c   0x0800391c   0x000000ec   Code   RO          486    .text.HAL_DMA_Abort  stm32f4xx_hal_dma.o
    0x08003a08   0x08003a08   0x00000044   Code   RO          488    .text.HAL_DMA_Abort_IT  stm32f4xx_hal_dma.o
    0x08003a4c   0x08003a4c   0x0000031e   Code   RO          492    .text.HAL_DMA_IRQHandler  stm32f4xx_hal_dma.o
    0x08003d6a   0x08003d6a   0x00000002   PAD
    0x08003d6c   0x08003d6c   0x0000016e   Code   RO          472    .text.HAL_DMA_Init  stm32f4xx_hal_dma.o
    0x08003eda   0x08003eda   0x00000002   PAD
    0x08003edc   0x08003edc   0x000000c2   Code   RO          484    .text.HAL_DMA_Start_IT  stm32f4xx_hal_dma.o
    0x08003f9e   0x08003f9e   0x00000002   PAD
    0x08003fa0   0x08003fa0   0x000003ee   Code   RO          434    .text.HAL_GPIO_Init  stm32f4xx_hal_gpio.o
    0x0800438e   0x0800438e   0x00000002   PAD
    0x08004390   0x08004390   0x0000002e   Code   RO          440    .text.HAL_GPIO_WritePin  stm32f4xx_hal_gpio.o
    0x080043be   0x080043be   0x00000002   PAD
    0x080043c0   0x080043c0   0x0000000c   Code   RO          665    .text.HAL_GetTick   stm32f4xx_hal.o
    0x080043cc   0x080043cc   0x0000001a   Code   RO          663    .text.HAL_IncTick   stm32f4xx_hal.o
    0x080043e6   0x080043e6   0x00000002   PAD
    0x080043e8   0x080043e8   0x00000036   Code   RO          653    .text.HAL_Init      stm32f4xx_hal.o
    0x0800441e   0x0800441e   0x00000002   PAD
    0x08004420   0x08004420   0x00000070   Code   RO          655    .text.HAL_InitTick  stm32f4xx_hal.o
    0x08004490   0x08004490   0x00000058   Code   RO          191    .text.HAL_MspInit   stm32f4xx_hal_msp.o
    0x080044e8   0x080044e8   0x00000014   Code   RO          588    .text.HAL_NVIC_EnableIRQ  stm32f4xx_hal_cortex.o
    0x080044fc   0x080044fc   0x00000032   Code   RO          580    .text.HAL_NVIC_SetPriority  stm32f4xx_hal_cortex.o
    0x0800452e   0x0800452e   0x00000002   PAD
    0x08004530   0x08004530   0x00000010   Code   RO          576    .text.HAL_NVIC_SetPriorityGrouping  stm32f4xx_hal_cortex.o
    0x08004540   0x08004540   0x000000be   Code   RO          563    .text.HAL_PWREx_EnableOverDrive  stm32f4xx_hal_pwr_ex.o
    0x080045fe   0x080045fe   0x00000002   PAD
    0x08004600   0x08004600   0x00000262   Code   RO          282    .text.HAL_RCC_ClockConfig  stm32f4xx_hal_rcc.o
    0x08004862   0x08004862   0x00000002   PAD
    0x08004864   0x08004864   0x0000000c   Code   RO          292    .text.HAL_RCC_GetHCLKFreq  stm32f4xx_hal_rcc.o
    0x08004870   0x08004870   0x00000022   Code   RO          294    .text.HAL_RCC_GetPCLK1Freq  stm32f4xx_hal_rcc.o
    0x08004892   0x08004892   0x00000002   PAD
    0x08004894   0x08004894   0x00000022   Code   RO          296    .text.HAL_RCC_GetPCLK2Freq  stm32f4xx_hal_rcc.o
    0x080048b6   0x080048b6   0x00000002   PAD
    0x080048b8   0x080048b8   0x000000e6   Code   RO          284    .text.HAL_RCC_GetSysClockFreq  stm32f4xx_hal_rcc.o
    0x0800499e   0x0800499e   0x00000002   PAD
    0x080049a0   0x080049a0   0x000006be   Code   RO          280    .text.HAL_RCC_OscConfig  stm32f4xx_hal_rcc.o
    0x0800505e   0x0800505e   0x00000002   PAD
    0x08005060   0x08005060   0x00000010   Code   RO          600    .text.HAL_SYSTICK_Config  stm32f4xx_hal_cortex.o
    0x08005070   0x08005070   0x00000122   Code   RO         1059    .text.HAL_TIMEx_MasterConfigSynchronization  stm32f4xx_hal_tim_ex.o
    0x08005192   0x08005192   0x00000002   PAD
    0x08005194   0x08005194   0x0000009c   Code   RO          746    .text.HAL_TIM_Base_Init  stm32f4xx_hal_tim.o
    0x08005230   0x08005230   0x00000076   Code   RO          127    .text.HAL_TIM_Base_MspInit  tim.o
    0x080052a6   0x080052a6   0x00000002   PAD
    0x080052a8   0x080052a8   0x00000184   Code   RO          938    .text.HAL_TIM_ConfigClockSource  stm32f4xx_hal_tim.o
    0x0800542c   0x0800542c   0x0000010a   Code   RO          123    .text.HAL_TIM_MspPostInit  tim.o
    0x08005536   0x08005536   0x00000002   PAD
    0x08005538   0x08005538   0x00000142   Code   RO          912    .text.HAL_TIM_PWM_ConfigChannel  stm32f4xx_hal_tim.o
    0x0800567a   0x0800567a   0x00000002   PAD
    0x0800567c   0x0800567c   0x0000009c   Code   RO          800    .text.HAL_TIM_PWM_Init  stm32f4xx_hal_tim.o
    0x08005718   0x08005718   0x00000008   Code   RO          802    .text.HAL_TIM_PWM_MspInit  stm32f4xx_hal_tim.o
    0x08005720   0x08005720   0x000001ca   Code   RO          808    .text.HAL_TIM_PWM_Start  stm32f4xx_hal_tim.o
    0x080058ea   0x080058ea   0x00000002   PAD
    0x080058ec   0x080058ec   0x000000c2   Code   RO         1136    .text.HAL_UARTEx_ReceiveToIdle_DMA  stm32f4xx_hal_uart.o
    0x080059ae   0x080059ae   0x00000002   PAD
    0x080059b0   0x080059b0   0x000000d2   Code   RO         1394    .text.HAL_UARTEx_RxEventCallback  bsp_usart.o
    0x08005a82   0x08005a82   0x00000002   PAD
    0x08005a84   0x08005a84   0x0000008a   Code   RO         1396    .text.HAL_UART_ErrorCallback  bsp_usart.o
    0x08005b0e   0x08005b0e   0x00000002   PAD
    0x08005b10   0x08005b10   0x0000042c   Code   RO         1166    .text.HAL_UART_IRQHandler  stm32f4xx_hal_uart.o
    0x08005f3c   0x08005f3c   0x0000009e   Code   RO         1082    .text.HAL_UART_Init  stm32f4xx_hal_uart.o
    0x08005fda   0x08005fda   0x00000002   PAD
    0x08005fdc   0x08005fdc   0x0000017a   Code   RO          144    .text.HAL_UART_MspInit  usart.o
    0x08006156   0x08006156   0x00000002   PAD
    0x08006158   0x08006158   0x00000008   Code   RO         1184    .text.HAL_UART_RxCpltCallback  stm32f4xx_hal_uart.o
    0x08006160   0x08006160   0x00000008   Code   RO         1186    .text.HAL_UART_RxHalfCpltCallback  stm32f4xx_hal_uart.o
    0x08006168   0x08006168   0x00000008   Code   RO         1180    .text.HAL_UART_TxCpltCallback  stm32f4xx_hal_uart.o
    0x08006170   0x08006170   0x00000004   Code   RO          160    .text.HardFault_Handler  stm32f4xx_it.o
    0x08006174   0x08006174   0x0000004e   Code   RO           95    .text.MX_CAN1_Init  can.o
    0x080061c2   0x080061c2   0x00000002   PAD
    0x080061c4   0x080061c4   0x0000004e   Code   RO           97    .text.MX_CAN2_Init  can.o
    0x08006212   0x08006212   0x00000002   PAD
    0x08006214   0x08006214   0x0000003c   Code   RO          113    .text.MX_DMA_Init   dma.o
    0x08006250   0x08006250   0x00000046   Code   RO           79    .text.MX_FREERTOS_Init  freertos.o
    0x08006296   0x08006296   0x00000002   PAD
    0x08006298   0x08006298   0x00000140   Code   RO           69    .text.MX_GPIO_Init  gpio.o
    0x080063d8   0x080063d8   0x00000128   Code   RO          121    .text.MX_TIM4_Init  tim.o
    0x08006500   0x08006500   0x00000128   Code   RO          125    .text.MX_TIM5_Init  tim.o
    0x08006628   0x08006628   0x00000040   Code   RO          140    .text.MX_USART3_UART_Init  usart.o
    0x08006668   0x08006668   0x00000040   Code   RO          142    .text.MX_USART6_UART_Init  usart.o
    0x080066a8   0x080066a8   0x00000004   Code   RO          162    .text.MemManage_Handler  stm32f4xx_it.o
    0x080066ac   0x080066ac   0x00000032   Code   RO         1295    .text.MotorTest_Task_Init  motortest_task.o
    0x080066de   0x080066de   0x00000002   PAD
    0x080066e0   0x080066e0   0x00000004   Code   RO          158    .text.NMI_Handler   stm32f4xx_it.o
    0x080066e4   0x080066e4   0x0000006c   Code   RO          586    .text.NVIC_EncodePriority  stm32f4xx_hal_cortex.o
    0x08006750   0x08006750   0x00000064   Code   RO         1908    .text.PendSV_Handler  port.o
    0x080067b4   0x080067b4   0x0000000c   PAD
    0x080067c0   0x080067c0   0x00000024   Code   RO         1892    .text.SVC_Handler   port.o
    0x080067e4   0x080067e4   0x00000010   Code   RO           81    .text.StartDefaultTask  freertos.o
    0x080067f4   0x080067f4   0x00000052   Code   RO          602    .text.SysTick_Config  stm32f4xx_hal_cortex.o
    0x08006846   0x08006846   0x00000002   PAD
    0x08006848   0x08006848   0x00000018   Code   RO          170    .text.SysTick_Handler  stm32f4xx_it.o
    0x08006860   0x08006860   0x000000ca   Code   RO           55    .text.SystemClock_Config  main.o
    0x0800692a   0x0800692a   0x00000002   PAD
    0x0800692c   0x0800692c   0x00000012   Code   RO         1213    .text.SystemInit    system_stm32f4xx.o
    0x0800693e   0x0800693e   0x00000002   PAD
    0x08006940   0x08006940   0x000001b0   Code   RO          750    .text.TIM_Base_SetConfig  stm32f4xx_hal_tim.o
    0x08006af0   0x08006af0   0x00000036   Code   RO          784    .text.TIM_CCxChannelCmd  stm32f4xx_hal_tim.o
    0x08006b26   0x08006b26   0x00000002   PAD
    0x08006b28   0x08006b28   0x00000034   Code   RO          936    .text.TIM_ETR_SetConfig  stm32f4xx_hal_tim.o
    0x08006b5c   0x08006b5c   0x0000002a   Code   RO          942    .text.TIM_ITRx_SetConfig  stm32f4xx_hal_tim.o
    0x08006b86   0x08006b86   0x00000002   PAD
    0x08006b88   0x08006b88   0x000000ea   Code   RO          894    .text.TIM_OC1_SetConfig  stm32f4xx_hal_tim.o
    0x08006c72   0x08006c72   0x00000002   PAD
    0x08006c74   0x08006c74   0x000000f4   Code   RO          896    .text.TIM_OC2_SetConfig  stm32f4xx_hal_tim.o
    0x08006d68   0x08006d68   0x000000f2   Code   RO          898    .text.TIM_OC3_SetConfig  stm32f4xx_hal_tim.o
    0x08006e5a   0x08006e5a   0x00000002   PAD
    0x08006e5c   0x08006e5c   0x000000a4   Code   RO          900    .text.TIM_OC4_SetConfig  stm32f4xx_hal_tim.o
    0x08006f00   0x08006f00   0x00000050   Code   RO          940    .text.TIM_TI1_ConfigInputStage  stm32f4xx_hal_tim.o
    0x08006f50   0x08006f50   0x00000052   Code   RO          944    .text.TIM_TI2_ConfigInputStage  stm32f4xx_hal_tim.o
    0x08006fa2   0x08006fa2   0x00000002   PAD
    0x08006fa4   0x08006fa4   0x00000030   Code   RO         1407    .text.UART10_Init   uart10_def.o
    0x08006fd4   0x08006fd4   0x00000020   Code   RO         1170    .text.UART_DMAAbortOnError  stm32f4xx_hal_uart.o
    0x08006ff4   0x08006ff4   0x0000007c   Code   RO         1116    .text.UART_DMAError  stm32f4xx_hal_uart.o
    0x08007070   0x08007070   0x000000f4   Code   RO         1202    .text.UART_DMAReceiveCplt  stm32f4xx_hal_uart.o
    0x08007164   0x08007164   0x00000034   Code   RO         1204    .text.UART_DMARxHalfCplt  stm32f4xx_hal_uart.o
    0x08007198   0x08007198   0x00000094   Code   RO         1130    .text.UART_EndRxTransfer  stm32f4xx_hal_uart.o
    0x0800722c   0x0800722c   0x00000026   Code   RO         1178    .text.UART_EndTransmit_IT  stm32f4xx_hal_uart.o
    0x08007252   0x08007252   0x00000002   PAD
    0x08007254   0x08007254   0x00000036   Code   RO         1128    .text.UART_EndTxTransfer  stm32f4xx_hal_uart.o
    0x0800728a   0x0800728a   0x00000002   PAD
    0x0800728c   0x0800728c   0x0000016a   Code   RO         1168    .text.UART_Receive_IT  stm32f4xx_hal_uart.o
    0x080073f6   0x080073f6   0x00000002   PAD
    0x080073f8   0x080073f8   0x0000013a   Code   RO         1086    .text.UART_SetConfig  stm32f4xx_hal_uart.o
    0x08007532   0x08007532   0x00000002   PAD
    0x08007534   0x08007534   0x0000010c   Code   RO         1120    .text.UART_Start_Receive_DMA  stm32f4xx_hal_uart.o
    0x08007640   0x08007640   0x00000094   Code   RO         1176    .text.UART_Transmit_IT  stm32f4xx_hal_uart.o
    0x080076d4   0x080076d4   0x00000010   Code   RO          182    .text.USART6_IRQHandler  stm32f4xx_it.o
    0x080076e4   0x080076e4   0x00000056   Code   RO         1388    .text.USARTRegister  bsp_usart.o
    0x0800773a   0x0800773a   0x00000002   PAD
    0x0800773c   0x0800773c   0x0000002a   Code   RO         1386    .text.USARTServiceInit  bsp_usart.o
    0x08007766   0x08007766   0x00000002   PAD
    0x08007768   0x08007768   0x00000004   Code   RO          166    .text.UsageFault_Handler  stm32f4xx_it.o
    0x0800776c   0x0800776c   0x00000008   Code   RO         1270    .text._GLOBAL__sub_I_control.cpp  control.o
    0x08007774   0x08007774   0x00000010   Code   RO           13    .text._Z11Onmain_TaskPv  maincpp.o
    0x08007784   0x08007784   0x00000066   Code   RO           19    .text._Z13remoteControlPv  maincpp.o
    0x080077ea   0x080077ea   0x00000002   PAD
    0x080077ec   0x080077ec   0x00000028   Code   RO           15    .text._Z16OnServo1_ControlPv  maincpp.o
    0x08007814   0x08007814   0x00000028   Code   RO           17    .text._Z16OnServo2_ControlPv  maincpp.o
    0x0800783c   0x0800783c   0x00000354   Code   RO         1258    .text._ZN5Servo12Servo_base_t7controlEf  servo.o
    0x08007b90   0x08007b90   0x00000154   Code   RO           46    .text._ZN5Servo12Servo_base_tC2EP17TIM_HandleTypeDefj9servo_diriffff  maincpp.o
    0x08007ce4   0x08007ce4   0x000003e8   Code   RO         1268    .text._ZN7Control9Control_t13controlUpdateEfff  control.o
    0x080080cc   0x080080cc   0x0000001e   Code   RO           48    .text._ZN7Control9Control_tC2EPN5Servo12Servo_base_tES3_  maincpp.o
    0x080080ea   0x080080ea   0x00000002   PAD
    0x080080ec   0x080080ec   0x00000014   Code   RO         1290    .text._ZNSt3__26__math4acosB8nn200000Ef  control.o
    0x08008100   0x08008100   0x00000014   Code   RO         1286    .text._ZNSt3__26__math4atanB8nn200000Ef  control.o
    0x08008114   0x08008114   0x00000014   Code   RO         1284    .text._ZNSt3__26__math4sqrtB8nn200000Ef  control.o
    0x08008128   0x08008128   0x0000001c   Code   RO         1288    .text._ZNSt3__26__math5atan2B8nn200000Eff  control.o
    0x08008144   0x08008144   0x00000030   Code   RO          590    .text.__NVIC_EnableIRQ  stm32f4xx_hal_cortex.o
    0x08008174   0x08008174   0x00000010   Code   RO          582    .text.__NVIC_GetPriorityGrouping  stm32f4xx_hal_cortex.o
    0x08008184   0x08008184   0x00000042   Code   RO          584    .text.__NVIC_SetPriority  stm32f4xx_hal_cortex.o
    0x080081c6   0x080081c6   0x00000002   PAD
    0x080081c8   0x080081c8   0x0000003c   Code   RO          578    .text.__NVIC_SetPriorityGrouping  stm32f4xx_hal_cortex.o
    0x08008204   0x08008204   0x00000038   Code   RO         1266    .text.__cxx_global_var_init  control.o
    0x0800823c   0x0800823c   0x00000008   Code   RO           23    .text._sys_exit     maincpp.o
    0x08008244   0x08008244   0x00000008   Code   RO           25    .text._ttywrch      maincpp.o
    0x0800824c   0x0800824c   0x00000060   Code   RO         1303    .text.current_A_to_raw  motortest_task.o
    0x080082ac   0x080082ac   0x00000074   Code   RO           53    .text.main          main.o
    0x08008320   0x08008320   0x00000218   Code   RO           11    .text.main_cpp      maincpp.o
    0x08008538   0x08008538   0x00000028   Code   RO         1747    .text.makeFreeRtosPriority  cmsis_os.o
    0x08008560   0x08008560   0x000002f8   Code   RO         1297    .text.motor_test_task  motortest_task.o
    0x08008858   0x08008858   0x00000008   Code   RO         1301    .text.now_ms        motortest_task.o
    0x08008860   0x08008860   0x00000028   Code   RO         1761    .text.osDelay       cmsis_os.o
    0x08008888   0x08008888   0x0000000a   Code   RO         1737    .text.osKernelStart  cmsis_os.o
    0x08008892   0x08008892   0x00000002   PAD
    0x08008894   0x08008894   0x000000ac   Code   RO         1745    .text.osThreadCreate  cmsis_os.o
    0x08008940   0x08008940   0x00000028   Code   RO         1299    .text.phase_enter   motortest_task.o
    0x08008968   0x08008968   0x000000f4   Code   RO         1621    .text.prvAddCurrentTaskToDelayedList  tasks.o
    0x08008a5c   0x08008a5c   0x00000110   Code   RO         1607    .text.prvAddNewTaskToReadyList  tasks.o
    0x08008b6c   0x08008b6c   0x0000005a   Code   RO         1705    .text.prvCheckTasksWaitingTermination  tasks.o
    0x08008bc6   0x08008bc6   0x00000002   PAD
    0x08008bc8   0x08008bc8   0x0000005e   Code   RO         1613    .text.prvDeleteTCB  tasks.o
    0x08008c26   0x08008c26   0x00000002   PAD
    0x08008c28   0x08008c28   0x000000bc   Code   RO         1859    .text.prvHeapInit   heap_4.o
    0x08008ce4   0x08008ce4   0x00000038   Code   RO         1643    .text.prvIdleTask   tasks.o
    0x08008d1c   0x08008d1c   0x00000114   Code   RO         1605    .text.prvInitialiseNewTask  tasks.o
    0x08008e30   0x08008e30   0x0000008e   Code   RO         1703    .text.prvInitialiseTaskLists  tasks.o
    0x08008ebe   0x08008ebe   0x00000002   PAD
    0x08008ec0   0x08008ec0   0x000000c6   Code   RO         1861    .text.prvInsertBlockIntoFreeList  heap_4.o
    0x08008f86   0x08008f86   0x00000002   PAD
    0x08008f88   0x08008f88   0x00000028   Code   RO         1900    .text.prvPortStartFirstTask  port.o
    0x08008fb0   0x08008fb0   0x00000046   Code   RO         1615    .text.prvResetNextTaskUnblockTime  tasks.o
    0x08008ff6   0x08008ff6   0x00000002   PAD
    0x08008ff8   0x08008ff8   0x0000004c   Code   RO         1890    .text.prvTaskExitError  port.o
    0x08009044   0x08009044   0x000001ec   Code   RO         1857    .text.pvPortMalloc  heap_4.o
    0x08009230   0x08009230   0x0000005e   Code   RO         1888    .text.pxPortInitialiseStack  port.o
    0x0800928e   0x0800928e   0x00000002   PAD
    0x08009290   0x08009290   0x00000048   Code   RO         1475    .text.uxListRemove  list.o
    0x080092d8   0x080092d8   0x0000002a   Code   RO           77    .text.vApplicationGetIdleTaskMemory  freertos.o
    0x08009302   0x08009302   0x00000002   PAD
    0x08009304   0x08009304   0x0000002e   Code   RO         1467    .text.vListInitialise  list.o
    0x08009332   0x08009332   0x00000002   PAD
    0x08009334   0x08009334   0x0000000e   Code   RO         1469    .text.vListInitialiseItem  list.o
    0x08009342   0x08009342   0x00000002   PAD
    0x08009344   0x08009344   0x0000006a   Code   RO         1473    .text.vListInsert   list.o
    0x080093ae   0x080093ae   0x00000002   PAD
    0x080093b0   0x080093b0   0x0000003a   Code   RO         1471    .text.vListInsertEnd  list.o
    0x080093ea   0x080093ea   0x00000002   PAD
    0x080093ec   0x080093ec   0x00000014   Code   RO         1898    .text.vPortEnableVFP  port.o
    0x08009400   0x08009400   0x00000056   Code   RO         1904    .text.vPortEnterCritical  port.o
    0x08009456   0x08009456   0x00000002   PAD
    0x08009458   0x08009458   0x0000004a   Code   RO         1906    .text.vPortExitCritical  port.o
    0x080094a2   0x080094a2   0x00000002   PAD
    0x080094a4   0x080094a4   0x000000ce   Code   RO         1863    .text.vPortFree     heap_4.o
    0x08009572   0x08009572   0x00000002   PAD
    0x08009574   0x08009574   0x00000044   Code   RO         1896    .text.vPortSetupTimerInterrupt  port.o
    0x080095b8   0x080095b8   0x0000006e   Code   RO         1617    .text.vTaskDelay    tasks.o
    0x08009626   0x08009626   0x00000002   PAD
    0x08009628   0x08009628   0x000000ce   Code   RO         1641    .text.vTaskStartScheduler  tasks.o
    0x080096f6   0x080096f6   0x00000002   PAD
    0x080096f8   0x080096f8   0x00000010   Code   RO         1619    .text.vTaskSuspendAll  tasks.o
    0x08009708   0x08009708   0x000000be   Code   RO         1633    .text.vTaskSwitchContext  tasks.o
    0x080097c6   0x080097c6   0x00000002   PAD
    0x080097c8   0x080097c8   0x00000156   Code   RO         1894    .text.xPortStartScheduler  port.o
    0x0800991e   0x0800991e   0x00000002   PAD
    0x08009920   0x08009920   0x0000003c   Code   RO         1910    .text.xPortSysTickHandler  port.o
    0x0800995c   0x0800995c   0x0000009e   Code   RO         1609    .text.xTaskCreate   tasks.o
    0x080099fa   0x080099fa   0x00000002   PAD
    0x080099fc   0x080099fc   0x000000ce   Code   RO         1603    .text.xTaskCreateStatic  tasks.o
    0x08009aca   0x08009aca   0x00000002   PAD
    0x08009acc   0x08009acc   0x00000038   Code   RO         1677    .text.xTaskGetSchedulerState  tasks.o
    0x08009b04   0x08009b04   0x00000014   Code   RO         1649    .text.xTaskGetTickCount  tasks.o
    0x08009b18   0x08009b18   0x000001b8   Code   RO         1647    .text.xTaskIncrementTick  tasks.o
    0x08009cd0   0x08009cd0   0x00000178   Code   RO         1623    .text.xTaskResumeAll  tasks.o
    0x08009e48   0x08009e48   0x0000003e   Code   RO         2354    CL$$btod_d2e        c_w.l(btod.o)
    0x08009e86   0x08009e86   0x00000046   Code   RO         2356    CL$$btod_d2e_denorm_low  c_w.l(btod.o)
    0x08009ecc   0x08009ecc   0x00000060   Code   RO         2355    CL$$btod_d2e_norm_op1  c_w.l(btod.o)
    0x08009f2c   0x08009f2c   0x00000338   Code   RO         2364    CL$$btod_div_common  c_w.l(btod.o)
    0x0800a264   0x0800a264   0x000000dc   Code   RO         2361    CL$$btod_e2e        c_w.l(btod.o)
    0x0800a340   0x0800a340   0x0000002a   Code   RO         2358    CL$$btod_ediv       c_w.l(btod.o)
    0x0800a36a   0x0800a36a   0x0000002a   Code   RO         2357    CL$$btod_emul       c_w.l(btod.o)
    0x0800a394   0x0800a394   0x00000244   Code   RO         2363    CL$$btod_mult_common  c_w.l(btod.o)
    0x0800a5d8   0x0800a5d8   0x00000030   Code   RO         2438    i.__ARM_fpclassify  m_wm.l(fpclassify.o)
    0x0800a608   0x0800a608   0x00000026   Code   RO         2230    i.__ARM_fpclassifyf  m_wm.l(fpclassifyf.o)
    0x0800a62e   0x0800a62e   0x00000002   PAD
    0x0800a630   0x0800a630   0x00000118   Code   RO         2005    i.__hardfp_acosf    m_wm.l(acosf.o)
    0x0800a748   0x0800a748   0x000002ac   Code   RO         2011    i.__hardfp_atan2f   m_wm.l(atan2f.o)
    0x0800a9f4   0x0800a9f4   0x00000160   Code   RO         2017    i.__hardfp_atanf    m_wm.l(atanf.o)
    0x0800ab54   0x0800ab54   0x0000003a   Code   RO         2023    i.__hardfp_sqrtf    m_wm.l(sqrtf.o)
    0x0800ab8e   0x0800ab8e   0x00000006   Code   RO         2233    i.__mathlib_flt_infnan  m_wm.l(funder.o)
    0x0800ab94   0x0800ab94   0x00000006   Code   RO         2234    i.__mathlib_flt_infnan2  m_wm.l(funder.o)
    0x0800ab9a   0x0800ab9a   0x00000002   PAD
    0x0800ab9c   0x0800ab9c   0x00000010   Code   RO         2235    i.__mathlib_flt_invalid  m_wm.l(funder.o)
    0x0800abac   0x0800abac   0x00000010   Code   RO         2238    i.__mathlib_flt_underflow  m_wm.l(funder.o)
    0x0800abbc   0x0800abbc   0x0000000e   Code   RO         2123    i._is_digit         c_w.l(__printf_wp.o)
    0x0800abca   0x0800abca   0x0000001c   Code   RO         2304    i.fputc             c_w.l(fputc.o)
    0x0800abe6   0x0800abe6   0x0000003e   Code   RO         2025    i.sqrtf             m_wm.l(sqrtf.o)
    0x0800ac24   0x0800ac24   0x0000002c   Code   RO         2392    locale$$code        c_w.l(lc_numeric_c.o)
    0x0800ac50   0x0800ac50   0x0000002c   Code   RO         2463    locale$$code        c_w.l(lc_ctype_c.o)
    0x0800ac7c   0x0800ac7c   0x0000000c   Code   RO         2217    x$fpl$dretinf       fz_wm.l(dretinf.o)
    0x0800ac88   0x0800ac88   0x00000056   Code   RO         2003    x$fpl$f2d           fz_wm.l(f2d.o)
    0x0800acde   0x0800acde   0x0000008c   Code   RO         2219    x$fpl$fnaninf       fz_wm.l(fnaninf.o)
    0x0800ad6a   0x0800ad6a   0x0000001a   Code   RO         2326    x$fpl$fpinit        fz_wm.l(fpinit.o)
    0x0800ad84   0x0800ad84   0x00000004   Code   RO         2221    x$fpl$printf1       fz_wm.l(printf1.o)
    0x0800ad88   0x0800ad88   0x00000004   Code   RO         2223    x$fpl$printf2       fz_wm.l(printf2.o)
    0x0800ad8c   0x0800ad8c   0x00000000   Code   RO         2229    x$fpl$usenofp       fz_wm.l(usenofp.o)
    0x0800ad8c   0x0800ad8c   0x00000008   Data   RO         2082    .constdata          c_w.l(_printf_wctomb.o)
    0x0800ad94   0x0800ad94   0x00000028   Data   RO         2111    .constdata          c_w.l(_printf_hex_int_ll_ptr.o)
    0x0800adbc   0x0800adbc   0x00000011   Data   RO         2131    .constdata          c_w.l(__printf_flags_ss_wp.o)
    0x0800adcd   0x0800adcd   0x00000026   Data   RO         2292    .constdata          c_w.l(_printf_fp_hex.o)
    0x0800adf3   0x0800adf3   0x00000004   Data   RO         2328    .constdata          c_w.l(sys_io_names.o)
    0x0800adf7   0x0800adf7   0x00000004   Data   RO         2329    .constdata          c_w.l(sys_io_names.o)
    0x0800adfb   0x0800adfb   0x00000004   Data   RO         2330    .constdata          c_w.l(sys_io_names.o)
    0x0800adff   0x0800adff   0x00000001   PAD
    0x0800ae00   0x0800ae00   0x00000094   Data   RO         2352    .constdata          c_w.l(bigflt0.o)
    0x0800ae94   0x0800ae94   0x0000001c   Data   RO           86    .rodata..L__const.MX_FREERTOS_Init.os_thread_def_defaultTask  freertos.o
    0x0800aeb0   0x0800aeb0   0x00000010   Data   RO         1218    .rodata.AHBPrescTable  system_stm32f4xx.o
    0x0800aec0   0x0800aec0   0x00000008   Data   RO         1219    .rodata.APBPrescTable  system_stm32f4xx.o
    0x0800aec8   0x0800aec8   0x00000008   Data   RO          502    .rodata.DMA_CalcBaseAndBitshift.flagBitshiftOffset  stm32f4xx_hal_dma.o
    0x0800aed0   0x0800aed0   0x00000035   Data   RO           39    .rodata.str1.1      maincpp.o
    0x0800af05   0x0800af05   0x0000000c   Data   RO           85    .rodata.str1.1      freertos.o
    0x0800af11   0x0800af11   0x00000187   Data   RO         1305    .rodata.str1.1      motortest_task.o
    0x0800b098   0x0800b098   0x00000005   Data   RO         1718    .rodata.str1.1      tasks.o
    0x0800b09d   0x0800b09d   0x00000003   PAD
    0x0800b0a0   0x0800b0a0   0x00000020   Data   RO         2516    Region$$Table       anon$$obj.o
    0x0800b0c0   0x0800b0c0   0x0000001c   Data   RO         2391    locale$$data        c_w.l(lc_numeric_c.o)
    0x0800b0dc   0x0800b0dc   0x00000110   Data   RO         2462    locale$$data        c_w.l(lc_ctype_c.o)
    0x0800b1ec   0x0800b1ec   0x00000004   Data   RO         1277    .init_array         control.o
    0x0800b1f0   0x0800b1ec   0x00000000   Data   RO         1998    .init_array         c_w.l(init_aeabi.o)


    Execution Region RW_IRAM2 (Exec base: 0x10000000, Load base: 0x0800b220, Size: 0x00000000, Max: 0x00010000, ABSOLUTE)

    **** No section assigned to this execution region ****


    Execution Region RW_IRAM1 (Exec base: 0x20000000, Load base: 0x0800b1f0, Size: 0x00005d78, Max: 0x00030000, ABSOLUTE)

    Exec Addr    Load Addr    Size         Type   Attr      Idx    E Section Name        Object

    0x20000000   0x0800b1f0   0x00000004   Data   RW         2159    .data               c_w.l(stdio_streams.o)
    0x20000004   0x0800b1f4   0x00000004   Data   RW         2160    .data               c_w.l(stdio_streams.o)
    0x20000008   0x0800b1f8   0x00000004   Data   RW         2161    .data               c_w.l(stdio_streams.o)
    0x2000000c   0x0800b1fc   0x00000001   Data   RW         1377    .data.CANAddFilter.can2_filter_idx  bsp_can.o
    0x2000000d   0x0800b1fd   0x00000003   PAD
    0x20000010   0x0800b200   0x00000004   Data   RW         1272    .data.R1            control.o
    0x20000014   0x0800b204   0x00000004   Data   RW         1273    .data.R2            control.o
    0x20000018   0x0800b208   0x00000004   Data   RW         1217    .data.SystemCoreClock  system_stm32f4xx.o
    0x2000001c   0x0800b20c   0x00000004   Data   RW           30    .data.debug_velocity  maincpp.o
    0x20000020   0x0800b210   0x00000001   Data   RW          712    .data.uwTickFreq    stm32f4xx_hal.o
    0x20000021   0x0800b211   0x00000003   PAD
    0x20000024   0x0800b214   0x00000004   Data   RW          711    .data.uwTickPrio    stm32f4xx_hal.o
    0x20000028   0x0800b218   0x00000004   Data   RW         1916    .data.uxCriticalNesting  port.o
    0x2000002c   0x0800b21c   0x00000004   PAD
    0x20000030        -       0x00000054   Zero   RW         2156    .bss                c_w.l(stdio_streams.o)
    0x20000084        -       0x00000054   Zero   RW         2157    .bss                c_w.l(stdio_streams.o)
    0x200000d8        -       0x00000054   Zero   RW         2158    .bss                c_w.l(stdio_streams.o)
    0x2000012c        -       0x00000060   Zero   RW         2251    .bss                c_w.l(libspace.o)
    0x2000018c        -       0x00000010   Zero   RW         1347    .bss.C620_Group_instnce  c620.o
    0x2000019c        -       0x00000001   Zero   RW         1376    .bss.CANAddFilter.can1_filter_idx  bsp_can.o
    0x2000019d   0x0800b21c   0x00000003   PAD
    0x200001a0        -       0x0000001c   Zero   RW         1378    .bss.CANFIFOxCallback.rxconf  bsp_can.o
    0x200001bc        -       0x00000004   Zero   RW         1374    .bss.CANTransmit.busy_count  bsp_can.o
    0x200001c0        -       0x00000004   Zero   RW          105    .bss.HAL_RCC_CAN1_CLK_ENABLED  can.o
    0x200001c4        -       0x00000004   Zero   RW           31    .bss.Omain_handle   maincpp.o
    0x200001c8        -       0x00000004   Zero   RW         1274    .bss.R_all          control.o
    0x200001cc        -       0x00000004   Zero   RW           34    .bss.Remote_control_handle  maincpp.o
    0x200001d0        -       0x00000004   Zero   RW           32    .bss.Servo1_Motor_handle  maincpp.o
    0x200001d4        -       0x00000004   Zero   RW           33    .bss.Servo2_Motor_handle  maincpp.o
    0x200001d8        -       0x00000040   Zero   RW         1373    .bss.can_instance   bsp_can.o
    0x20000218        -       0x00000018   Zero   RW           38    .bss.control        maincpp.o
    0x20000230        -       0x00000004   Zero   RW           87    .bss.defaultTaskHandle  freertos.o
    0x20000234        -       0x00000028   Zero   RW          103    .bss.hcan1          can.o
    0x2000025c        -       0x00000028   Zero   RW          104    .bss.hcan2          can.o
    0x20000284        -       0x00000060   Zero   RW          150    .bss.hdma_usart6_rx  usart.o
    0x200002e4        -       0x00000048   Zero   RW          131    .bss.htim4          tim.o
    0x2000032c        -       0x00000048   Zero   RW          132    .bss.htim5          tim.o
    0x20000374        -       0x00000048   Zero   RW          148    .bss.huart3         usart.o
    0x200003bc        -       0x00000048   Zero   RW          149    .bss.huart6         usart.o
    0x20000404        -       0x00000004   Zero   RW         1348    .bss.idx            c620.o
    0x20000408        -       0x00000001   Zero   RW         1372    .bss.idx            bsp_can.o
    0x20000409        -       0x00000001   Zero   RW         1399    .bss.idx            bsp_usart.o
    0x2000040a   0x0800b21c   0x00000002   PAD
    0x2000040c        -       0x00000004   Zero   RW         1707    .bss.pxCurrentTCB   tasks.o
    0x20000410        -       0x00000004   Zero   RW         1724    .bss.pxDelayedTaskList  tasks.o
    0x20000414        -       0x00000004   Zero   RW         1873    .bss.pxEnd          heap_4.o
    0x20000418        -       0x00000004   Zero   RW         1725    .bss.pxOverflowDelayedTaskList  tasks.o
    0x2000041c        -       0x0000008c   Zero   RW         1708    .bss.pxReadyTasksLists  tasks.o
    0x200004a8        -       0x00000001   Zero   RW         1308    .bss.s_phase        motortest_task.o
    0x200004a9   0x0800b21c   0x00000003   PAD
    0x200004ac        -       0x00000004   Zero   RW         1307    .bss.s_phase_start_ms  motortest_task.o
    0x200004b0        -       0x00000004   Zero   RW         1306    .bss.s_task_handle  motortest_task.o
    0x200004b4        -       0x0000002c   Zero   RW           35    .bss.servo_theta1   maincpp.o
    0x200004e0        -       0x0000002c   Zero   RW           36    .bss.servo_theta2   maincpp.o
    0x2000050c        -       0x0000002c   Zero   RW           37    .bss.servo_theta3   maincpp.o
    0x20000538        -       0x00000004   Zero   RW         1275    .bss.tmep_m_1       control.o
    0x2000053c        -       0x00000004   Zero   RW         1276    .bss.tmep_m_2       control.o
    0x20000540        -       0x0000010c   Zero   RW         1409    .bss.uart10         uart10_def.o
    0x2000064c        -       0x00003c00   Zero   RW         1880    .bss.ucHeap         heap_4.o
    0x2000424c        -       0x00000001   Zero   RW         1914    .bss.ucMaxSysCallPriority  port.o
    0x2000424d   0x0800b21c   0x00000003   PAD
    0x20004250        -       0x00000004   Zero   RW         1915    .bss.ulMaxPRIGROUPValue  port.o
    0x20004254        -       0x0000000c   Zero   RW         1398    .bss.usart_instance  bsp_usart.o
    0x20004260        -       0x00000004   Zero   RW          713    .bss.uwTick         stm32f4xx_hal.o
    0x20004264        -       0x00000004   Zero   RW         1713    .bss.uxCurrentNumberOfTasks  tasks.o
    0x20004268        -       0x00000004   Zero   RW         1712    .bss.uxDeletedTasksWaitingCleanUp  tasks.o
    0x2000426c        -       0x00000004   Zero   RW         1715    .bss.uxSchedulerSuspended  tasks.o
    0x20004270        -       0x00000004   Zero   RW         1710    .bss.uxTaskNumber   tasks.o
    0x20004274        -       0x00000004   Zero   RW         1709    .bss.uxTopReadyPriority  tasks.o
    0x20004278        -       0x00000004   Zero   RW           27    .bss.x              maincpp.o
    0x2000427c        -       0x00000004   Zero   RW         1874    .bss.xBlockAllocatedBit  heap_4.o
    0x20004280        -       0x00000014   Zero   RW         1727    .bss.xDelayedTaskList1  tasks.o
    0x20004294        -       0x00000014   Zero   RW         1728    .bss.xDelayedTaskList2  tasks.o
    0x200042a8        -       0x00000004   Zero   RW         1875    .bss.xFreeBytesRemaining  heap_4.o
    0x200042ac        -       0x00000200   Zero   RW           84    .bss.xIdleStack     freertos.o
    0x200044ac        -       0x00000004   Zero   RW         1719    .bss.xIdleTaskHandle  tasks.o
    0x200044b0        -       0x00000054   Zero   RW           83    .bss.xIdleTaskTCBBuffer  freertos.o
    0x20004504        -       0x00000004   Zero   RW         1877    .bss.xMinimumEverFreeBytesRemaining  heap_4.o
    0x20004508        -       0x00000004   Zero   RW         1720    .bss.xNextTaskUnblockTime  tasks.o
    0x2000450c        -       0x00000004   Zero   RW         1726    .bss.xNumOfOverflows  tasks.o
    0x20004510        -       0x00000004   Zero   RW         1878    .bss.xNumberOfSuccessfulAllocations  heap_4.o
    0x20004514        -       0x00000004   Zero   RW         1879    .bss.xNumberOfSuccessfulFrees  heap_4.o
    0x20004518        -       0x00000004   Zero   RW         1723    .bss.xPendedTicks   tasks.o
    0x2000451c        -       0x00000014   Zero   RW         1717    .bss.xPendingReadyList  tasks.o
    0x20004530        -       0x00000004   Zero   RW         1714    .bss.xSchedulerRunning  tasks.o
    0x20004534        -       0x00000008   Zero   RW         1876    .bss.xStart         heap_4.o
    0x2000453c        -       0x00000014   Zero   RW         1716    .bss.xSuspendedTaskList  tasks.o
    0x20004550        -       0x00000014   Zero   RW         1711    .bss.xTasksWaitingTermination  tasks.o
    0x20004564        -       0x00000004   Zero   RW         1721    .bss.xTickCount     tasks.o
    0x20004568        -       0x00000004   Zero   RW         1722    .bss.xYieldPending  tasks.o
    0x2000456c        -       0x00000004   Zero   RW           29    .bss.yaw            maincpp.o
    0x20004570        -       0x00000004   Zero   RW           28    .bss.z              maincpp.o
    0x20004574   0x0800b21c   0x00000004   PAD
    0x20004578        -       0x00001000   Zero   RW            2    HEAP                startup_stm32f427xx.o
    0x20005578        -       0x00000800   Zero   RW            1    STACK               startup_stm32f427xx.o


==============================================================================

Image component sizes


      Code (inc. data)   RO Data    RW Data    ZI Data      Debug   Object Name

       784          0          0          1         98       5439   bsp_can.o
       476          0          0          0         13       4992   bsp_usart.o
      1112          8          0          0         20       5459   c620.o
       588          0          0          0         84       6652   can.o
       262          0          0          0          0      16320   cmsis_os.o
      1152          8          4          8         12      19216   control.o
        60          0          0          0          0       3496   dma.o
       128          0         40          0        600       2772   freertos.o
       320          0          0          0          0       2299   gpio.o
      1084          0          0          0      15392       4452   heap_4.o
       296          0          0          0          0       2255   list.o
       324          0          0          0          0       3481   main.o
      1132         24         53          4        184      12959   maincpp.o
       954         50        391          0          9       3375   motortest_task.o
       996         16          0          4          5       3866   port.o
       852         12          0          0          0      17290   servo.o
        64         26        428          0       6144        856   startup_stm32f427xx.o
       204          0          0          5          4       7511   stm32f4xx_hal.o
      3282          0          0          0          0      11603   stm32f4xx_hal_can.o
       482          0          0          0          0       9884   stm32f4xx_hal_cortex.o
      2068          8          8          0          0       8536   stm32f4xx_hal_dma.o
      1052          0          0          0          0       5213   stm32f4xx_hal_gpio.o
        88          0          0          0          0       3563   stm32f4xx_hal_msp.o
       190          0          0          0          0       4500   stm32f4xx_hal_pwr_ex.o
      2646          0          0          0          0       7654   stm32f4xx_hal_rcc.o
      3114         14          0          0          0      36052   stm32f4xx_hal_tim.o
       290          0          0          0          0      15372   stm32f4xx_hal_tim_ex.o
      3228          0          0          0          0      20380   stm32f4xx_hal_uart.o
       142          0          0          0          0       1641   stm32f4xx_it.o
        18          0         24          4          0       2605   system_stm32f4xx.o
      3022          0          5          0        300      20389   tasks.o
       976          0          0          0        144       6684   tim.o
        48          0          0          0        268       3652   uart10_def.o
       506          0          0          0        240       7344   usart.o

    ----------------------------------------------------------------------
     32116        178        988         32      23536     287762   Object Totals
         0          0         32          0          0          0   (incl. Generated)
       176         12          3          6         19          0   (incl. Padding)

    ----------------------------------------------------------------------

      Code (inc. data)   RO Data    RW Data    ZI Data      Debug   Library Member Name

         8          0          0          0          0         68   __main.o
       392          4         17          0          0         92   __printf_flags_ss_wp.o
        14          0          0          0          0         68   __printf_wp.o
         0          0          0          0          0          0   __rtentry.o
        12          0          0          0          0          0   __rtentry2.o
         6          0          0          0          0          0   __rtentry4.o
        94          8          0          0          0          0   __scatter.o
        26          0          0          0          0          0   __scatter_copy.o
        28          0          0          0          0          0   __scatter_zi.o
        72          0          0          0          0         96   _c16rtomb.o
         6          0          0          0          0          0   _printf_a.o
         6          0          0          0          0          0   _printf_c.o
        44          0          0          0          0        108   _printf_char.o
        48          6          0          0          0         96   _printf_char_common.o
        36          4          0          0          0         80   _printf_char_file.o
        40          0          0          0          0         68   _printf_charcount.o
         6          0          0          0          0          0   _printf_d.o
       120         16          0          0          0         92   _printf_dec.o
         6          0          0          0          0          0   _printf_e.o
         6          0          0          0          0          0   _printf_f.o
      1052          0          0          0          0        148   _printf_fp_dec.o
       764          8         38          0          0        100   _printf_fp_hex.o
       128         16          0          0          0         84   _printf_fp_infnan.o
         6          0          0          0          0          0   _printf_g.o
       148          4         40          0          0        160   _printf_hex_int_ll_ptr.o
         6          0          0          0          0          0   _printf_i.o
       178          0          0          0          0         88   _printf_intcommon.o
        10          0          0          0          0          0   _printf_l.o
         6          0          0          0          0          0   _printf_lc.o
        10          0          0          0          0          0   _printf_ll.o
         6          0          0          0          0          0   _printf_lld.o
         6          0          0          0          0          0   _printf_lli.o
         6          0          0          0          0          0   _printf_llo.o
         6          0          0          0          0          0   _printf_llu.o
         6          0          0          0          0          0   _printf_llx.o
       124         16          0          0          0         92   _printf_longlong_dec.o
         6          0          0          0          0          0   _printf_ls.o
         6          0          0          0          0          0   _printf_n.o
         6          0          0          0          0          0   _printf_o.o
       112          8          0          0          0        124   _printf_oct_int_ll.o
         6          0          0          0          0          0   _printf_p.o
        78          0          0          0          0        108   _printf_pad.o
         0          0          0          0          0          0   _printf_percent.o
         4          0          0          0          0          0   _printf_percent_end.o
         6          0          0          0          0          0   _printf_s.o
        82          0          0          0          0         80   _printf_str.o
        36          0          0          0          0         84   _printf_truncate.o
         6          0          0          0          0          0   _printf_u.o
        44          0          0          0          0        108   _printf_wchar.o
       188          6          8          0          0         92   _printf_wctomb.o
         6          0          0          0          0          0   _printf_x.o
        22          0          0          0          0        100   _rserrno.o
       228          4        148          0          0         96   bigflt0.o
      1936        128          0          0          0        668   btod.o
        10          0          0          0          0         68   defsig_exit.o
        50          0          0          0          0         88   defsig_general.o
        80         58          0          0          0         76   defsig_rtmem_inner.o
        14          0          0          0          0         80   defsig_rtmem_outer.o
        52         38          0          0          0         76   defsig_rtred_inner.o
        14          0          0          0          0         80   defsig_rtred_outer.o
        18          0          0          0          0         80   exit.o
        76          0          0          0          0         88   fclose.o
         8          0          0          0          0         68   ferror.o
       482          0          0          0          0         92   flsbuf.o
       240          6          0          0          0        128   fopen.o
        28          0          0          0          0         68   fputc.o
       248          6          0          0          0         84   fseek.o
        66          0          0          0          0         76   ftell.o
        94          0          0          0          0         80   h1_alloc.o
        52          0          0          0          0         68   h1_extend.o
        78          0          0          0          0         80   h1_free.o
        12          0          0          0          0         84   h1_init.o
         6          0          0          0          0        152   heapauxi.o
         4          0          0          0          0        136   hguard.o
         0          0          0          0          0          0   indicate_semi.o
        44          8          0          0          0         80   init_aeabi.o
       138          0          0          0          0        168   init_alloc.o
       312         46          0          0          0        112   initio.o
        44         10        272          0          0         76   lc_ctype_c.o
        44         10         28          0          0         76   lc_numeric_c.o
         2          0          0          0          0          0   libinit.o
        50          0          0          0          0          0   libinit2.o
         2          0          0          0          0          0   libshutdown.o
         6          0          0          0          0          0   libshutdown2.o
         8          4          0          0         96         68   libspace.o
       138          0          0          0          0         80   lludiv10.o
       240          0          0          0          0        100   lludivv7m.o
         0          0          0          0          0          0   maybetermalloc1.o
        24          4          0          0          0         84   printf.o
        16          4          0          0          0         76   rt_ctype_table.o
         8          4          0          0          0         68   rt_errno_addr_intlibspace.o
         8          4          0          0          0         68   rt_heap_descriptor_intlibspace.o
         8          4          0          0          0         68   rt_locale_intlibspace.o
        68          0          0          0          0         68   rt_memclr.o
        78          0          0          0          0         80   rt_memclr_w.o
       138          0          0          0          0         68   rt_memcpy_v6.o
       100          0          0          0          0         80   rt_memcpy_w.o
         2          0          0          0          0          0   rtexit.o
        10          0          0          0          0          0   rtexit2.o
        70          0          0          0          0         80   setvbuf.o
       264          6          0          0          0        160   stdio.o
         0          0          0         12        252          0   stdio_streams.o
       124          0          0          0          0         88   strcmpv7em.o
        62          0          0          0          0         76   strlen.o
       102          0          0          0          0        240   sys_io.o
         0          0         12          0          0          0   sys_io_names.o
        74          0          0          0          0         80   sys_stackheap_outer.o
         2          0          0          0          0         68   use_no_semi.o
        12          0          0          0          0        116   dretinf.o
        86          4          0          0          0        132   f2d.o
       140          4          0          0          0        132   fnaninf.o
        26          0          0          0          0        116   fpinit.o
         4          0          0          0          0        116   printf1.o
         4          0          0          0          0        116   printf2.o
         0          0          0          0          0          0   usenofp.o
       280         46          0          0          0        176   acosf.o
       684         90          0          0          0        208   atan2f.o
       352         56          0          0          0        172   atanf.o
        48          0          0          0          0        124   fpclassify.o
        38          0          0          0          0        116   fpclassifyf.o
        44         12          0          0          0        464   funder.o
       120          0          0          0          0        272   sqrtf.o

    ----------------------------------------------------------------------
     11884        652        564         12        348       9124   Library Totals
        24          0          1          0          0          0   (incl. Padding)

    ----------------------------------------------------------------------

      Code (inc. data)   RO Data    RW Data    ZI Data      Debug   Library Name

     10022        440        563         12        348       6864   c_w.l
       272          8          0          0          0        728   fz_wm.l
      1566        204          0          0          0       1532   m_wm.l

    ----------------------------------------------------------------------
     11884        652        564         12        348       9124   Library Totals

    ----------------------------------------------------------------------

==============================================================================


      Code (inc. data)   RO Data    RW Data    ZI Data      Debug   

     44000        830       1552         44      23884     291070   Grand Totals
     44000        830       1552         44      23884     291070   ELF Image Totals
     44000        830       1552         44          0          0   ROM Totals

==============================================================================

    Total RO  Size (Code + RO Data)                45552 (  44.48kB)
    Total RW  Size (RW Data + ZI Data)             23928 (  23.37kB)
    Total ROM Size (Code + RO Data + RW Data)      45596 (  44.53kB)

==============================================================================

