<html>
<body>
<pre>
<h1>µVision Build Log</h1>
<h2>Tool Versions:</h2>
IDE-Version: ¦ÌVision V5.43.1.0
Copyright (C) 2025 ARM Ltd and ARM Germany GmbH. All rights reserved.
License Information: 111 Administrator, 111, LIC=47GU5-GK0CG-45KT5-G65K0-Q36TS-WRMYE
 
Tool Versions:
Toolchain:       MDK-ARM Plus  Version: 5.43.0.0
Toolchain Path:  E:\keil_arm\AppData\Local\Keil_v5\ARM\ARMCLANG\Bin
C Compiler:      ArmClang.exe V6.24
Assembler:       Armasm.exe V6.24
Linker/Locator:  ArmLink.exe V6.24
Library Manager: ArmAr.exe V6.24
Hex Converter:   FromElf.exe V6.24
CPU DLL:         SARMCM3.DLL V5.43.0.0
Dialog DLL:      DCM.DLL V1.17.5.0
Target DLL:      CMSIS_AGDI.dll V1.33.24.0
Dialog DLL:      TCM.DLL V1.56.6.0
 
<h2>Project:</h2>
c:\Users\Administrator\Desktop\ËÄÂÖÂóÂÖÐ¡³µ\fw_rtos_base\MDK-ARM\F427IIH6_CAN.uvprojx
Project File Date:  08/13/2026

<h2>Output:</h2>
*** Using Compiler 'V6.24', folder: 'E:\keil_arm\AppData\Local\Keil_v5\ARM\ARMCLANG\Bin'
Rebuild target 'F427IIH6_CAN'
assembling startup_stm32f427xx.s...
compiling dma.c...
compiling can.c...
compiling stm32f4xx_hal_rcc.c...
compiling stm32f4xx_hal_can.c...
compiling gpio.c...
compiling tim.c...
compiling usart.c...
compiling stm32f4xx_hal_msp.c...
compiling main.c...
compiling stm32f4xx_it.c...
compiling stm32f4xx_hal_rcc_ex.c...
compiling freertos.c...
compiling maincpp.cpp...
compiling stm32f4xx_hal_flash.c...
compiling stm32f4xx_hal_flash_ex.c...
compiling stm32f4xx_hal_flash_ramfunc.c...
compiling stm32f4xx_hal_gpio.c...
compiling stm32f4xx_hal_cortex.c...
compiling stm32f4xx_hal_pwr.c...
compiling stm32f4xx_hal_dma_ex.c...
compiling stm32f4xx_hal_pwr_ex.c...
compiling stm32f4xx_hal.c...
compiling stm32f4xx_hal_exti.c...
compiling stm32f4xx_hal_dma.c...
compiling system_stm32f4xx.c...
compiling stm32f4xx_hal_tim_ex.c...
compiling remote_control.c...
compiling CyberGear.c...
compiling CAN_Task.c...
compiling stm32f4xx_hal_uart.c...
compiling stm32f4xx_hal_tim.c...
compiling servo.cpp...
compiling control.cpp...
compiling Control_Task.c...
compiling bsp_usart.c...
compiling c620.c...
compiling MotorTest_Task.c...
compiling bsp_can.c...
compiling dm_j4310.c...
compiling CRSF.c...
compiling croutine.c...
compiling uart10_def.c...
compiling crc8.c...
compiling list.c...
compiling event_groups.c...
compiling stream_buffer.c...
compiling queue.c...
compiling timers.c...
compiling port.c...
compiling heap_4.c...
compiling cmsis_os.c...
compiling tasks.c...
linking...
Program Size: Code=44000 RO-data=1552 RW-data=44 ZI-data=23884  
FromELF: creating hex file...
"F427IIH6_CAN\F427IIH6_CAN.axf" - 0 Error(s), 0 Warning(s).

<h2>Software Packages used:</h2>

Package Vendor: ARM
                https://www.keil.com/pack/ARM.CMSIS.6.3.0.pack
                ARM::CMSIS@6.3.0
                CMSIS (Common Microcontroller Software Interface Standard)
   * Component: CORE Version: 6.2.0

<h2>Collection of Component include folders:</h2>
  ./RTE/_F427IIH6_CAN
  E:/keil_arm/AppData/Local/Arm/Packs/ARM/CMSIS/6.3.0/CMSIS/Core/Include

<h2>Collection of Component Files used:</h2>

   * Component: ARM::CMSIS:CORE@6.2.0
      Include file:  CMSIS/Core/Include/tz_context.h
Build Time Elapsed:  00:00:02
</pre>
</body>
</html>
